#
# There is insufficient memory for the Java Runtime Environment to continue.
# Native memory allocation (malloc) failed to allocate 1700976 bytes. Error detail: Chunk::new
# Possible reasons:
#   The system is out of physical RAM or swap space
#   This process is running with CompressedOops enabled, and the Java Heap may be blocking the growth of the native heap
# Possible solutions:
#   Reduce memory load on the system
#   Increase physical memory or swap space
#   Check if swap backing store is full
#   Decrease Java heap size (-Xmx/-Xms)
#   Decrease number of Java threads
#   Decrease Java thread stack sizes (-Xss)
#   Set larger code cache with -XX:ReservedCodeCacheSize=
#   JVM is running with Unscaled Compressed Oops mode in which the Java heap is
#     placed in the first 4GB address space. The Java Heap base address is the
#     maximum limit for the native heap growth. Please use -XX:HeapBaseMinAddress
#     to set the Java Heap base and to place the Java Heap above 4GB virtual address.
# This output file may be truncated or incomplete.
#
#  Out of Memory Error (arena.cpp:168), pid=19040, tid=14608
#
# JRE version: OpenJDK Runtime Environment (21.0.6) (build 21.0.6+-13391695-b895.109)
# Java VM: OpenJDK 64-Bit Server VM (21.0.6+-13391695-b895.109, mixed mode, tiered, compressed oops, compressed class ptrs, g1 gc, windows-amd64)
# No core dump will be written. Minidumps are not enabled by default on client versions of Windows
#

---------------  S U M M A R Y ------------

Command Line: --add-opens=java.base/java.lang=ALL-UNNAMED --add-opens=java.base/java.lang.invoke=ALL-UNNAMED --add-opens=java.base/java.util=ALL-UNNAMED --add-opens=java.prefs/java.util.prefs=ALL-UNNAMED --add-exports=jdk.compiler/com.sun.tools.javac.api=ALL-UNNAMED --add-exports=jdk.compiler/com.sun.tools.javac.util=ALL-UNNAMED --add-opens=java.base/java.util=ALL-UNNAMED --add-opens=java.prefs/java.util.prefs=ALL-UNNAMED --add-opens=java.base/java.nio.charset=ALL-UNNAMED --add-opens=java.base/java.net=ALL-UNNAMED --add-opens=java.base/java.util.concurrent.atomic=ALL-UNNAMED --add-opens=java.xml/javax.xml.namespace=ALL-UNNAMED -Xmx2048m -Dfile.encoding=UTF-8 -Duser.country=FR -Duser.language=fr -Duser.variant -javaagent:C:\Users\HP\.gradle\wrapper\dists\gradle-8.13-bin\5xuhj0ry160q40clulazy9h7d\gradle-8.13\lib\agents\gradle-instrumentation-agent-8.13.jar org.gradle.launcher.daemon.bootstrap.GradleDaemon 8.13

Host: Intel(R) Core(TM) i5-8265U CPU @ 1.60GHz, 8 cores, 7G,  Windows 11 , 64 bit Build 22621 (10.0.22621.5415)
Time: Thu Oct  9 22:18:18 2025 Maroc (heure d64 bit Build 22621 (10.0.22621.5415) elapsed time: 44.405360 seconds (0d 0h 0m 44s)

---------------  T H R E A D  ---------------

Current thread (0x0000018ad4094560):  JavaThread "C2 CompilerThread0" daemon [_thread_in_native, id=14608, stack(0x0000005ef9300000,0x0000005ef9400000) (1024K)]


Current CompileTask:
C2:44405 11152 %     4       org.gradle.internal.instantiation.generator.AbstractClassGenerator::inspectType @ 77 (602 bytes)

Stack: [0x0000005ef9300000,0x0000005ef9400000]
Native frames: (J=compiled Java code, j=interpreted, Vv=VM code, C=native code)
V  [jvm.dll+0x6d0639]
V  [jvm.dll+0x85eb03]
V  [jvm.dll+0x86105e]
V  [jvm.dll+0x861743]
V  [jvm.dll+0x27e6e6]
V  [jvm.dll+0xbff6d]
V  [jvm.dll+0xc04a3]
V  [jvm.dll+0x2f2780]
V  [jvm.dll+0x5fa409]
V  [jvm.dll+0x250d92]
V  [jvm.dll+0x25114f]
V  [jvm.dll+0x2498f5]
V  [jvm.dll+0x24714e]
V  [jvm.dll+0x1c5f04]
V  [jvm.dll+0x2569ac]
V  [jvm.dll+0x254ef6]
V  [jvm.dll+0x3f0e96]
V  [jvm.dll+0x806ed8]
V  [jvm.dll+0x6cef0d]
C  [ucrtbase.dll+0x29333]
C  [KERNEL32.DLL+0x1259d]
C  [ntdll.dll+0x5af78]


---------------  P R O C E S S  ---------------

Threads class SMR info:
_java_thread_list=0x0000018adf031270, length=76, elements={
0x0000018ab8500ce0, 0x0000018ad4027330, 0x0000018ad405a630, 0x0000018ad406c350,
0x0000018ad408ef20, 0x0000018ad4092d90, 0x0000018ad40937e0, 0x0000018ad4094560,
0x0000018ad41001d0, 0x0000018ad41ccc10, 0x0000018ad43809a0, 0x0000018ad532cff0,
0x0000018ad529b450, 0x0000018ad43c1bf0, 0x0000018ad4d9e990, 0x0000018ad4504170,
0x0000018ad564a480, 0x0000018ad444e970, 0x0000018ad42803f0, 0x0000018ad427e320,
0x0000018ad4280a80, 0x0000018ad4281110, 0x0000018ad42817a0, 0x0000018ad427f6d0,
0x0000018ad427e9b0, 0x0000018ad427fd60, 0x0000018ad427f040, 0x0000018ad77662f0,
0x0000018ad7765c60, 0x0000018ad7763500, 0x0000018ad7762150, 0x0000018ad7763b90,
0x0000018ad77655d0, 0x0000018ad7766980, 0x0000018ad7760080, 0x0000018ad77648b0,
0x0000018ad7764f40, 0x0000018ad77676a0, 0x0000018ad6ac0c60, 0x0000018ad6ac7560,
0x0000018ad6ac05d0, 0x0000018ad6ac5490, 0x0000018ad6ac2010, 0x0000018ad6ac3a50,
0x0000018ad6ac6ed0, 0x0000018ad6ac40e0, 0x0000018ad6ac6840, 0x0000018ad6ac7bf0,
0x0000018ad6ac12f0, 0x0000018ad6ac26a0, 0x0000018ad6ac4770, 0x0000018ad6ac1980,
0x0000018ad6829330, 0x0000018ad682ce40, 0x0000018ad682a050, 0x0000018ad682e1f0,
0x0000018ad68278f0, 0x0000018ad682a6e0, 0x0000018ad6828ca0, 0x0000018ad682b400,
0x0000018ad68299c0, 0x0000018ad682ad70, 0x0000018ad682c7b0, 0x0000018ad682ba90,
0x0000018ad682c120, 0x0000018ad682d4d0, 0x0000018ad6827260, 0x0000018ad682e880,
0x0000018ad6827f80, 0x0000018ad6828610, 0x0000018ad97186a0, 0x0000018ad971a770,
0x0000018ad97193c0, 0x0000018ad697e9e0, 0x0000018ad697cfa0, 0x0000018ad697b560
}

Java Threads: ( => current thread )
  0x0000018ab8500ce0 JavaThread "main"                              [_thread_blocked, id=17576, stack(0x0000005ef8400000,0x0000005ef8500000) (1024K)]
  0x0000018ad4027330 JavaThread "Reference Handler"          daemon [_thread_blocked, id=12292, stack(0x0000005ef8d00000,0x0000005ef8e00000) (1024K)]
  0x0000018ad405a630 JavaThread "Finalizer"                  daemon [_thread_blocked, id=23956, stack(0x0000005ef8e00000,0x0000005ef8f00000) (1024K)]
  0x0000018ad406c350 JavaThread "Signal Dispatcher"          daemon [_thread_blocked, id=24248, stack(0x0000005ef8f00000,0x0000005ef9000000) (1024K)]
  0x0000018ad408ef20 JavaThread "Attach Listener"            daemon [_thread_blocked, id=11644, stack(0x0000005ef9000000,0x0000005ef9100000) (1024K)]
  0x0000018ad4092d90 JavaThread "Service Thread"             daemon [_thread_blocked, id=23616, stack(0x0000005ef9100000,0x0000005ef9200000) (1024K)]
  0x0000018ad40937e0 JavaThread "Monitor Deflation Thread"   daemon [_thread_blocked, id=8908, stack(0x0000005ef9200000,0x0000005ef9300000) (1024K)]
=>0x0000018ad4094560 JavaThread "C2 CompilerThread0"         daemon [_thread_in_native, id=14608, stack(0x0000005ef9300000,0x0000005ef9400000) (1024K)]
  0x0000018ad41001d0 JavaThread "C1 CompilerThread0"         daemon [_thread_blocked, id=4912, stack(0x0000005ef9400000,0x0000005ef9500000) (1024K)]
  0x0000018ad41ccc10 JavaThread "Common-Cleaner"             daemon [_thread_blocked, id=16624, stack(0x0000005ef9500000,0x0000005ef9600000) (1024K)]
  0x0000018ad43809a0 JavaThread "Notification Thread"        daemon [_thread_blocked, id=5548, stack(0x0000005ef9600000,0x0000005ef9700000) (1024K)]
  0x0000018ad532cff0 JavaThread "Daemon health stats"               [_thread_blocked, id=2564, stack(0x0000005ef9900000,0x0000005ef9a00000) (1024K)]
  0x0000018ad529b450 JavaThread "Incoming local TCP Connector on port 60411"        [_thread_in_native, id=9220, stack(0x0000005ef9c00000,0x0000005ef9d00000) (1024K)]
  0x0000018ad43c1bf0 JavaThread "Daemon periodic checks"            [_thread_blocked, id=13424, stack(0x0000005ef9d00000,0x0000005ef9e00000) (1024K)]
  0x0000018ad4d9e990 JavaThread "Daemon"                            [_thread_blocked, id=4280, stack(0x0000005ef9e00000,0x0000005ef9f00000) (1024K)]
  0x0000018ad4504170 JavaThread "Handler for socket connection from /127.0.0.1:60411 to /127.0.0.1:60413"        [_thread_in_native, id=3244, stack(0x0000005ef9f00000,0x0000005efa000000) (1024K)]
  0x0000018ad564a480 JavaThread "Cancel handler"                    [_thread_blocked, id=17508, stack(0x0000005efa000000,0x0000005efa100000) (1024K)]
  0x0000018ad444e970 JavaThread "Daemon worker"                     [_thread_in_vm, id=16440, stack(0x0000005efa100000,0x0000005efa200000) (1024K)]
  0x0000018ad42803f0 JavaThread "Asynchronous log dispatcher for DefaultDaemonConnection: socket connection from /127.0.0.1:60411 to /127.0.0.1:60413"        [_thread_blocked, id=21320, stack(0x0000005efa200000,0x0000005efa300000) (1024K)]
  0x0000018ad427e320 JavaThread "Stdin handler"                     [_thread_blocked, id=4788, stack(0x0000005efa400000,0x0000005efa500000) (1024K)]
  0x0000018ad4280a80 JavaThread "Daemon client event forwarder"        [_thread_blocked, id=21788, stack(0x0000005efa500000,0x0000005efa600000) (1024K)]
  0x0000018ad4281110 JavaThread "Cache worker for journal cache (C:\Users\HP\.gradle\caches\journal-1)"        [_thread_blocked, id=24644, stack(0x0000005efa300000,0x0000005efa400000) (1024K)]
  0x0000018ad42817a0 JavaThread "File lock request listener"        [_thread_in_native, id=12488, stack(0x0000005efaa00000,0x0000005efab00000) (1024K)]
  0x0000018ad427f6d0 JavaThread "Cache worker for file hash cache (C:\Users\HP\.gradle\caches\8.13\fileHashes)"        [_thread_blocked, id=16288, stack(0x0000005efab00000,0x0000005efac00000) (1024K)]
  0x0000018ad427e9b0 JavaThread "Cache worker for file hash cache (C:\Users\HP\Desktop\enseignement\helloword\.gradle\8.13\fileHashes)"        [_thread_blocked, id=21660, stack(0x0000005efad00000,0x0000005efae00000) (1024K)]
  0x0000018ad427fd60 JavaThread "Cache worker for Build Output Cleanup Cache (C:\Users\HP\Desktop\enseignement\helloword\.gradle\buildOutputCleanup)"        [_thread_blocked, id=21740, stack(0x0000005efae00000,0x0000005efaf00000) (1024K)]
  0x0000018ad427f040 JavaThread "File watcher server"        daemon [_thread_in_native, id=14616, stack(0x0000005efaf00000,0x0000005efb000000) (1024K)]
  0x0000018ad77662f0 JavaThread "File watcher consumer"      daemon [_thread_blocked, id=21688, stack(0x0000005efb000000,0x0000005efb100000) (1024K)]
  0x0000018ad7765c60 JavaThread "jar transforms"                    [_thread_blocked, id=18188, stack(0x0000005efb100000,0x0000005efb200000) (1024K)]
  0x0000018ad7763500 JavaThread "jar transforms Thread 2"           [_thread_blocked, id=22848, stack(0x0000005efb200000,0x0000005efb300000) (1024K)]
  0x0000018ad7762150 JavaThread "Cache worker for checksums cache (C:\Users\HP\Desktop\enseignement\helloword\.gradle\8.13\checksums)"        [_thread_blocked, id=12228, stack(0x0000005efb300000,0x0000005efb400000) (1024K)]
  0x0000018ad7763b90 JavaThread "Cache worker for file content cache (C:\Users\HP\.gradle\caches\8.13\fileContent)"        [_thread_blocked, id=20960, stack(0x0000005efb400000,0x0000005efb500000) (1024K)]
  0x0000018ad77655d0 JavaThread "jar transforms Thread 3"           [_thread_blocked, id=24920, stack(0x0000005efb500000,0x0000005efb600000) (1024K)]
  0x0000018ad7766980 JavaThread "Cache worker for cache directory md-supplier (C:\Users\HP\.gradle\caches\8.13\md-supplier)"        [_thread_blocked, id=13704, stack(0x0000005efb600000,0x0000005efb700000) (1024K)]
  0x0000018ad7760080 JavaThread "Cache worker for cache directory md-rule (C:\Users\HP\.gradle\caches\8.13\md-rule)"        [_thread_blocked, id=3080, stack(0x0000005efb700000,0x0000005efb800000) (1024K)]
  0x0000018ad77648b0 JavaThread "Unconstrained build operations"        [_thread_blocked, id=16504, stack(0x0000005efac00000,0x0000005efad00000) (1024K)]
  0x0000018ad7764f40 JavaThread "Unconstrained build operations Thread 2"        [_thread_blocked, id=22540, stack(0x0000005efb800000,0x0000005efb900000) (1024K)]
  0x0000018ad77676a0 JavaThread "Unconstrained build operations Thread 3"        [_thread_blocked, id=15240, stack(0x0000005efb900000,0x0000005efba00000) (1024K)]
  0x0000018ad6ac0c60 JavaThread "Unconstrained build operations Thread 4"        [_thread_blocked, id=16892, stack(0x0000005efba00000,0x0000005efbb00000) (1024K)]
  0x0000018ad6ac7560 JavaThread "Unconstrained build operations Thread 5"        [_thread_blocked, id=23204, stack(0x0000005efbb00000,0x0000005efbc00000) (1024K)]
  0x0000018ad6ac05d0 JavaThread "Unconstrained build operations Thread 6"        [_thread_blocked, id=17412, stack(0x0000005efbc00000,0x0000005efbd00000) (1024K)]
  0x0000018ad6ac5490 JavaThread "Unconstrained build operations Thread 7"        [_thread_blocked, id=7104, stack(0x0000005efbd00000,0x0000005efbe00000) (1024K)]
  0x0000018ad6ac2010 JavaThread "Unconstrained build operations Thread 8"        [_thread_blocked, id=22156, stack(0x0000005efbe00000,0x0000005efbf00000) (1024K)]
  0x0000018ad6ac3a50 JavaThread "jar transforms Thread 4"           [_thread_blocked, id=3428, stack(0x0000005efc100000,0x0000005efc200000) (1024K)]
  0x0000018ad6ac6ed0 JavaThread "jar transforms Thread 5"           [_thread_blocked, id=21984, stack(0x0000005efc200000,0x0000005efc300000) (1024K)]
  0x0000018ad6ac40e0 JavaThread "Unconstrained build operations Thread 9"        [_thread_blocked, id=18544, stack(0x0000005efc300000,0x0000005efc400000) (1024K)]
  0x0000018ad6ac6840 JavaThread "Unconstrained build operations Thread 10"        [_thread_blocked, id=16380, stack(0x0000005efc400000,0x0000005efc500000) (1024K)]
  0x0000018ad6ac7bf0 JavaThread "Unconstrained build operations Thread 11"        [_thread_blocked, id=8580, stack(0x0000005efc500000,0x0000005efc600000) (1024K)]
  0x0000018ad6ac12f0 JavaThread "Unconstrained build operations Thread 12"        [_thread_blocked, id=20408, stack(0x0000005efc600000,0x0000005efc700000) (1024K)]
  0x0000018ad6ac26a0 JavaThread "jar transforms Thread 6"           [_thread_blocked, id=19436, stack(0x0000005efc700000,0x0000005efc800000) (1024K)]
  0x0000018ad6ac4770 JavaThread "jar transforms Thread 7"           [_thread_blocked, id=6228, stack(0x0000005efc800000,0x0000005efc900000) (1024K)]
  0x0000018ad6ac1980 JavaThread "jar transforms Thread 8"           [_thread_blocked, id=24832, stack(0x0000005efc900000,0x0000005efca00000) (1024K)]
  0x0000018ad6829330 JavaThread "Unconstrained build operations Thread 13"        [_thread_blocked, id=7976, stack(0x0000005efc000000,0x0000005efc100000) (1024K)]
  0x0000018ad682ce40 JavaThread "Unconstrained build operations Thread 14"        [_thread_blocked, id=24076, stack(0x0000005efca00000,0x0000005efcb00000) (1024K)]
  0x0000018ad682a050 JavaThread "Unconstrained build operations Thread 15"        [_thread_blocked, id=16556, stack(0x0000005efcb00000,0x0000005efcc00000) (1024K)]
  0x0000018ad682e1f0 JavaThread "Unconstrained build operations Thread 16"        [_thread_blocked, id=25008, stack(0x0000005efcc00000,0x0000005efcd00000) (1024K)]
  0x0000018ad68278f0 JavaThread "Unconstrained build operations Thread 17"        [_thread_blocked, id=11520, stack(0x0000005efcd00000,0x0000005efce00000) (1024K)]
  0x0000018ad682a6e0 JavaThread "Unconstrained build operations Thread 18"        [_thread_blocked, id=23496, stack(0x0000005efce00000,0x0000005efcf00000) (1024K)]
  0x0000018ad6828ca0 JavaThread "Unconstrained build operations Thread 19"        [_thread_blocked, id=18104, stack(0x0000005efcf00000,0x0000005efd000000) (1024K)]
  0x0000018ad682b400 JavaThread "Unconstrained build operations Thread 20"        [_thread_blocked, id=2364, stack(0x0000005efd000000,0x0000005efd100000) (1024K)]
  0x0000018ad68299c0 JavaThread "Unconstrained build operations Thread 21"        [_thread_blocked, id=9300, stack(0x0000005efd100000,0x0000005efd200000) (1024K)]
  0x0000018ad682ad70 JavaThread "Unconstrained build operations Thread 22"        [_thread_blocked, id=19804, stack(0x0000005efd200000,0x0000005efd300000) (1024K)]
  0x0000018ad682c7b0 JavaThread "Unconstrained build operations Thread 23"        [_thread_blocked, id=20236, stack(0x0000005efd300000,0x0000005efd400000) (1024K)]
  0x0000018ad682ba90 JavaThread "Unconstrained build operations Thread 24"        [_thread_blocked, id=3332, stack(0x0000005efd400000,0x0000005efd500000) (1024K)]
  0x0000018ad682c120 JavaThread "Unconstrained build operations Thread 25"        [_thread_blocked, id=3864, stack(0x0000005efd500000,0x0000005efd600000) (1024K)]
  0x0000018ad682d4d0 JavaThread "Unconstrained build operations Thread 26"        [_thread_blocked, id=24984, stack(0x0000005efd600000,0x0000005efd700000) (1024K)]
  0x0000018ad6827260 JavaThread "Unconstrained build operations Thread 27"        [_thread_blocked, id=21596, stack(0x0000005efd700000,0x0000005efd800000) (1024K)]
  0x0000018ad682e880 JavaThread "Unconstrained build operations Thread 28"        [_thread_blocked, id=20556, stack(0x0000005efd800000,0x0000005efd900000) (1024K)]
  0x0000018ad6827f80 JavaThread "Unconstrained build operations Thread 29"        [_thread_blocked, id=11408, stack(0x0000005efd900000,0x0000005efda00000) (1024K)]
  0x0000018ad6828610 JavaThread "Unconstrained build operations Thread 30"        [_thread_blocked, id=11504, stack(0x0000005efda00000,0x0000005efdb00000) (1024K)]
  0x0000018ad97186a0 JavaThread "Unconstrained build operations Thread 31"        [_thread_blocked, id=5664, stack(0x0000005efdb00000,0x0000005efdc00000) (1024K)]
  0x0000018ad971a770 JavaThread "Unconstrained build operations Thread 32"        [_thread_blocked, id=14548, stack(0x0000005efdc00000,0x0000005efdd00000) (1024K)]
  0x0000018ad97193c0 JavaThread "Unconstrained build operations Thread 33"        [_thread_blocked, id=18332, stack(0x0000005efdd00000,0x0000005efde00000) (1024K)]
  0x0000018ad697e9e0 JavaThread "build event listener"              [_thread_blocked, id=9604, stack(0x0000005efbf00000,0x0000005efc000000) (1024K)]
  0x0000018ad697cfa0 JavaThread "Memory manager"                    [_thread_blocked, id=17368, stack(0x0000005efdf00000,0x0000005efe000000) (1024K)]
  0x0000018ad697b560 JavaThread "build event listener"              [_thread_blocked, id=17244, stack(0x0000005efe000000,0x0000005efe100000) (1024K)]
Total: 76

Other Threads:
  0x0000018acfc0e9f0 VMThread "VM Thread"                           [id=9132, stack(0x0000005ef8c00000,0x0000005ef8d00000) (1024K)]
  0x0000018acfb7a290 WatcherThread "VM Periodic Task Thread"        [id=9376, stack(0x0000005ef8b00000,0x0000005ef8c00000) (1024K)]
  0x0000018ab8555850 WorkerThread "GC Thread#0"                     [id=25552, stack(0x0000005ef8600000,0x0000005ef8700000) (1024K)]
  0x0000018ad45180f0 WorkerThread "GC Thread#1"                     [id=22028, stack(0x0000005ef9700000,0x0000005ef9800000) (1024K)]
  0x0000018ad4868680 WorkerThread "GC Thread#2"                     [id=16348, stack(0x0000005ef9800000,0x0000005ef9900000) (1024K)]
  0x0000018ad518cc20 WorkerThread "GC Thread#3"                     [id=24652, stack(0x0000005ef9a00000,0x0000005ef9b00000) (1024K)]
  0x0000018ad50f1fa0 WorkerThread "GC Thread#4"                     [id=8700, stack(0x0000005ef9b00000,0x0000005ef9c00000) (1024K)]
  0x0000018ad4eef130 WorkerThread "GC Thread#5"                     [id=19428, stack(0x0000005efa600000,0x0000005efa700000) (1024K)]
  0x0000018ad4eef4d0 WorkerThread "GC Thread#6"                     [id=904, stack(0x0000005efa700000,0x0000005efa800000) (1024K)]
  0x0000018ad4eef870 WorkerThread "GC Thread#7"                     [id=23688, stack(0x0000005efa800000,0x0000005efa900000) (1024K)]
  0x0000018ab617bf70 ConcurrentGCThread "G1 Main Marker"            [id=12968, stack(0x0000005ef8700000,0x0000005ef8800000) (1024K)]
  0x0000018ab617cbe0 WorkerThread "G1 Conc#0"                       [id=11664, stack(0x0000005ef8800000,0x0000005ef8900000) (1024K)]
  0x0000018ad4868a20 WorkerThread "G1 Conc#1"                       [id=8820, stack(0x0000005efa900000,0x0000005efaa00000) (1024K)]
  0x0000018ab85be9d0 ConcurrentGCThread "G1 Refine#0"               [id=13440, stack(0x0000005ef8900000,0x0000005ef8a00000) (1024K)]
  0x0000018acfa4d780 ConcurrentGCThread "G1 Service"                [id=25268, stack(0x0000005ef8a00000,0x0000005ef8b00000) (1024K)]
Total: 15

Threads with active compile tasks:
C2 CompilerThread0  44469 11152 %     4       org.gradle.internal.instantiation.generator.AbstractClassGenerator::inspectType @ 77 (602 bytes)
Total: 1

VM state: not at safepoint (normal execution)

VM Mutex/Monitor currently owned by a thread:  ([mutex/lock_event])
[0x00007fff536fe2a0] CodeCache_lock - owner thread: 0x0000018ad444e970

Heap address: 0x0000000080000000, size: 2048 MB, Compressed Oops mode: 32-bit

CDS archive(s) not mapped
Compressed class space mapped at: 0x0000000100000000-0x0000000140000000, reserved size: 1073741824
Narrow klass base: 0x0000000000000000, Narrow klass shift: 3, Narrow klass range: 0x140000000

GC Precious Log:
 CardTable entry size: 512
 Card Set container configuration: InlinePtr #cards 5 size 8 Array Of Cards #cards 12 size 40 Howl #buckets 4 coarsen threshold 1843 Howl Bitmap #cards 512 size 80 coarsen threshold 460 Card regions per heap region 1 cards per card region 2048
 CPUs: 8 total, 8 available
 Memory: 7910M
 Large Page Support: Disabled
 NUMA Support: Disabled
 Compressed Oops: Enabled (32-bit)
 Heap Region Size: 1M
 Heap Min Capacity: 8M
 Heap Initial Capacity: 124M
 Heap Max Capacity: 2G
 Pre-touch: Disabled
 Parallel Workers: 8
 Concurrent Workers: 2
 Concurrent Refinement Workers: 8
 Periodic GC: Disabled

Heap:
 garbage-first heap   total 181248K, used 135579K [0x0000000080000000, 0x0000000100000000)
  region size 1024K, 41 young (41984K), 4 survivors (4096K)
 Metaspace       used 104740K, committed 106880K, reserved 1179648K
  class space    used 14214K, committed 15296K, reserved 1048576K

Heap Regions: E=young(eden), S=young(survivor), O=old, HS=humongous(starts), HC=humongous(continues), CS=collection set, F=free, TAMS=top-at-mark-start, PB=parsable bottom
|   0|0x0000000080000000, 0x0000000080100000, 0x0000000080100000|100%|HS|  |TAMS 0x0000000080000000| PB 0x0000000080000000| Complete 
|   1|0x0000000080100000, 0x0000000080200000, 0x0000000080200000|100%|HC|  |TAMS 0x0000000080100000| PB 0x0000000080100000| Complete 
|   2|0x0000000080200000, 0x0000000080300000, 0x0000000080300000|100%|HC|  |TAMS 0x0000000080200000| PB 0x0000000080200000| Complete 
|   3|0x0000000080300000, 0x0000000080400000, 0x0000000080400000|100%| O|  |TAMS 0x0000000080300000| PB 0x0000000080300000| Untracked 
|   4|0x0000000080400000, 0x0000000080500000, 0x0000000080500000|100%| O|  |TAMS 0x0000000080400000| PB 0x0000000080400000| Untracked 
|   5|0x0000000080500000, 0x0000000080600000, 0x0000000080600000|100%| O|  |TAMS 0x0000000080500000| PB 0x0000000080500000| Untracked 
|   6|0x0000000080600000, 0x0000000080700000, 0x0000000080700000|100%|HS|  |TAMS 0x0000000080600000| PB 0x0000000080600000| Complete 
|   7|0x0000000080700000, 0x0000000080800000, 0x0000000080800000|100%| O|  |TAMS 0x0000000080700000| PB 0x0000000080700000| Untracked 
|   8|0x0000000080800000, 0x0000000080900000, 0x0000000080900000|100%| O|  |TAMS 0x0000000080800000| PB 0x0000000080800000| Untracked 
|   9|0x0000000080900000, 0x0000000080a00000, 0x0000000080a00000|100%| O|  |TAMS 0x0000000080900000| PB 0x0000000080900000| Untracked 
|  10|0x0000000080a00000, 0x0000000080b00000, 0x0000000080b00000|100%| O|  |TAMS 0x0000000080a00000| PB 0x0000000080a00000| Untracked 
|  11|0x0000000080b00000, 0x0000000080c00000, 0x0000000080c00000|100%| O|  |TAMS 0x0000000080b00000| PB 0x0000000080b00000| Untracked 
|  12|0x0000000080c00000, 0x0000000080d00000, 0x0000000080d00000|100%| O|  |TAMS 0x0000000080c00000| PB 0x0000000080c00000| Untracked 
|  13|0x0000000080d00000, 0x0000000080e00000, 0x0000000080e00000|100%| O|  |TAMS 0x0000000080d00000| PB 0x0000000080d00000| Untracked 
|  14|0x0000000080e00000, 0x0000000080f00000, 0x0000000080f00000|100%| O|  |TAMS 0x0000000080e00000| PB 0x0000000080e00000| Untracked 
|  15|0x0000000080f00000, 0x0000000081000000, 0x0000000081000000|100%| O|  |TAMS 0x0000000080f00000| PB 0x0000000080f00000| Untracked 
|  16|0x0000000081000000, 0x0000000081100000, 0x0000000081100000|100%| O|  |TAMS 0x0000000081000000| PB 0x0000000081000000| Untracked 
|  17|0x0000000081100000, 0x0000000081200000, 0x0000000081200000|100%| O|  |TAMS 0x0000000081100000| PB 0x0000000081100000| Untracked 
|  18|0x0000000081200000, 0x0000000081300000, 0x0000000081300000|100%| O|  |TAMS 0x0000000081200000| PB 0x0000000081200000| Untracked 
|  19|0x0000000081300000, 0x0000000081400000, 0x0000000081400000|100%| O|  |TAMS 0x0000000081300000| PB 0x0000000081300000| Untracked 
|  20|0x0000000081400000, 0x0000000081500000, 0x0000000081500000|100%| O|  |TAMS 0x0000000081400000| PB 0x0000000081400000| Untracked 
|  21|0x0000000081500000, 0x0000000081600000, 0x0000000081600000|100%| O|  |TAMS 0x0000000081500000| PB 0x0000000081500000| Untracked 
|  22|0x0000000081600000, 0x0000000081700000, 0x0000000081700000|100%| O|  |TAMS 0x0000000081600000| PB 0x0000000081600000| Untracked 
|  23|0x0000000081700000, 0x0000000081800000, 0x0000000081800000|100%| O|  |TAMS 0x0000000081700000| PB 0x0000000081700000| Untracked 
|  24|0x0000000081800000, 0x0000000081900000, 0x0000000081900000|100%| O|  |TAMS 0x0000000081800000| PB 0x0000000081800000| Untracked 
|  25|0x0000000081900000, 0x0000000081a00000, 0x0000000081a00000|100%| O|  |TAMS 0x0000000081900000| PB 0x0000000081900000| Untracked 
|  26|0x0000000081a00000, 0x0000000081b00000, 0x0000000081b00000|100%| O|  |TAMS 0x0000000081a00000| PB 0x0000000081a00000| Untracked 
|  27|0x0000000081b00000, 0x0000000081c00000, 0x0000000081c00000|100%| O|  |TAMS 0x0000000081b00000| PB 0x0000000081b00000| Untracked 
|  28|0x0000000081c00000, 0x0000000081d00000, 0x0000000081d00000|100%|HS|  |TAMS 0x0000000081c00000| PB 0x0000000081c00000| Complete 
|  29|0x0000000081d00000, 0x0000000081e00000, 0x0000000081e00000|100%| O|  |TAMS 0x0000000081d00000| PB 0x0000000081d00000| Untracked 
|  30|0x0000000081e00000, 0x0000000081f00000, 0x0000000081f00000|100%| O|  |TAMS 0x0000000081e00000| PB 0x0000000081e00000| Untracked 
|  31|0x0000000081f00000, 0x0000000082000000, 0x0000000082000000|100%| O|  |TAMS 0x0000000081f00000| PB 0x0000000081f00000| Untracked 
|  32|0x0000000082000000, 0x0000000082100000, 0x0000000082100000|100%| O|  |TAMS 0x0000000082000000| PB 0x0000000082000000| Untracked 
|  33|0x0000000082100000, 0x0000000082200000, 0x0000000082200000|100%| O|  |TAMS 0x0000000082100000| PB 0x0000000082100000| Untracked 
|  34|0x0000000082200000, 0x0000000082300000, 0x0000000082300000|100%| O|  |TAMS 0x0000000082200000| PB 0x0000000082200000| Untracked 
|  35|0x0000000082300000, 0x0000000082400000, 0x0000000082400000|100%| O|  |TAMS 0x0000000082300000| PB 0x0000000082300000| Untracked 
|  36|0x0000000082400000, 0x0000000082500000, 0x0000000082500000|100%| O|  |TAMS 0x0000000082400000| PB 0x0000000082400000| Untracked 
|  37|0x0000000082500000, 0x0000000082600000, 0x0000000082600000|100%| O|  |TAMS 0x0000000082500000| PB 0x0000000082500000| Untracked 
|  38|0x0000000082600000, 0x0000000082700000, 0x0000000082700000|100%| O|  |TAMS 0x0000000082600000| PB 0x0000000082600000| Untracked 
|  39|0x0000000082700000, 0x0000000082800000, 0x0000000082800000|100%| O|  |TAMS 0x0000000082700000| PB 0x0000000082700000| Untracked 
|  40|0x0000000082800000, 0x0000000082900000, 0x0000000082900000|100%| O|  |TAMS 0x0000000082800000| PB 0x0000000082800000| Untracked 
|  41|0x0000000082900000, 0x0000000082a00000, 0x0000000082a00000|100%| O|  |TAMS 0x0000000082900000| PB 0x0000000082900000| Untracked 
|  42|0x0000000082a00000, 0x0000000082b00000, 0x0000000082b00000|100%| O|  |TAMS 0x0000000082a00000| PB 0x0000000082a00000| Untracked 
|  43|0x0000000082b00000, 0x0000000082c00000, 0x0000000082c00000|100%| O|  |TAMS 0x0000000082b00000| PB 0x0000000082b00000| Untracked 
|  44|0x0000000082c00000, 0x0000000082d00000, 0x0000000082d00000|100%| O|  |TAMS 0x0000000082c00000| PB 0x0000000082c00000| Untracked 
|  45|0x0000000082d00000, 0x0000000082e00000, 0x0000000082e00000|100%| O|  |TAMS 0x0000000082d00000| PB 0x0000000082d00000| Untracked 
|  46|0x0000000082e00000, 0x0000000082f00000, 0x0000000082f00000|100%| O|  |TAMS 0x0000000082e00000| PB 0x0000000082e00000| Untracked 
|  47|0x0000000082f00000, 0x0000000083000000, 0x0000000083000000|100%| O|  |TAMS 0x0000000082f00000| PB 0x0000000082f00000| Untracked 
|  48|0x0000000083000000, 0x0000000083100000, 0x0000000083100000|100%|HS|  |TAMS 0x0000000083000000| PB 0x0000000083000000| Complete 
|  49|0x0000000083100000, 0x0000000083200000, 0x0000000083200000|100%|HS|  |TAMS 0x0000000083100000| PB 0x0000000083100000| Complete 
|  50|0x0000000083200000, 0x0000000083300000, 0x0000000083300000|100%|HC|  |TAMS 0x0000000083200000| PB 0x0000000083200000| Complete 
|  51|0x0000000083300000, 0x0000000083400000, 0x0000000083400000|100%|HS|  |TAMS 0x0000000083300000| PB 0x0000000083300000| Complete 
|  52|0x0000000083400000, 0x0000000083500000, 0x0000000083500000|100%|HC|  |TAMS 0x0000000083400000| PB 0x0000000083400000| Complete 
|  53|0x0000000083500000, 0x0000000083600000, 0x0000000083600000|100%|HS|  |TAMS 0x0000000083500000| PB 0x0000000083500000| Complete 
|  54|0x0000000083600000, 0x0000000083700000, 0x0000000083700000|100%|HC|  |TAMS 0x0000000083600000| PB 0x0000000083600000| Complete 
|  55|0x0000000083700000, 0x0000000083800000, 0x0000000083800000|100%|HC|  |TAMS 0x0000000083700000| PB 0x0000000083700000| Complete 
|  56|0x0000000083800000, 0x0000000083900000, 0x0000000083900000|100%|HS|  |TAMS 0x0000000083800000| PB 0x0000000083800000| Complete 
|  57|0x0000000083900000, 0x0000000083a00000, 0x0000000083a00000|100%|HS|  |TAMS 0x0000000083900000| PB 0x0000000083900000| Complete 
|  58|0x0000000083a00000, 0x0000000083b00000, 0x0000000083b00000|100%| O|  |TAMS 0x0000000083a00000| PB 0x0000000083a00000| Untracked 
|  59|0x0000000083b00000, 0x0000000083c00000, 0x0000000083c00000|100%|HS|  |TAMS 0x0000000083b00000| PB 0x0000000083b00000| Complete 
|  60|0x0000000083c00000, 0x0000000083d00000, 0x0000000083d00000|100%|HS|  |TAMS 0x0000000083c00000| PB 0x0000000083c00000| Complete 
|  61|0x0000000083d00000, 0x0000000083e00000, 0x0000000083e00000|100%| O|  |TAMS 0x0000000083d00000| PB 0x0000000083d00000| Untracked 
|  62|0x0000000083e00000, 0x0000000083f00000, 0x0000000083f00000|100%| O|  |TAMS 0x0000000083e00000| PB 0x0000000083e00000| Untracked 
|  63|0x0000000083f00000, 0x0000000084000000, 0x0000000084000000|100%| O|  |TAMS 0x0000000083f00000| PB 0x0000000083f00000| Untracked 
|  64|0x0000000084000000, 0x0000000084100000, 0x0000000084100000|100%| O|  |TAMS 0x0000000084000000| PB 0x0000000084000000| Untracked 
|  65|0x0000000084100000, 0x0000000084200000, 0x0000000084200000|100%| O|  |TAMS 0x0000000084100000| PB 0x0000000084100000| Untracked 
|  66|0x0000000084200000, 0x0000000084300000, 0x0000000084300000|100%| O|  |TAMS 0x0000000084200000| PB 0x0000000084200000| Untracked 
|  67|0x0000000084300000, 0x0000000084400000, 0x0000000084400000|100%| O|  |TAMS 0x0000000084300000| PB 0x0000000084300000| Untracked 
|  68|0x0000000084400000, 0x0000000084500000, 0x0000000084500000|100%| O|  |TAMS 0x0000000084400000| PB 0x0000000084400000| Untracked 
|  69|0x0000000084500000, 0x0000000084600000, 0x0000000084600000|100%| O|  |TAMS 0x0000000084500000| PB 0x0000000084500000| Untracked 
|  70|0x0000000084600000, 0x0000000084700000, 0x0000000084700000|100%| O|  |TAMS 0x0000000084600000| PB 0x0000000084600000| Untracked 
|  71|0x0000000084700000, 0x0000000084800000, 0x0000000084800000|100%|HS|  |TAMS 0x0000000084700000| PB 0x0000000084700000| Complete 
|  72|0x0000000084800000, 0x0000000084900000, 0x0000000084900000|100%| O|  |TAMS 0x0000000084800000| PB 0x0000000084800000| Untracked 
|  73|0x0000000084900000, 0x0000000084a00000, 0x0000000084a00000|100%| O|  |TAMS 0x0000000084900000| PB 0x0000000084900000| Untracked 
|  74|0x0000000084a00000, 0x0000000084b00000, 0x0000000084b00000|100%|HS|  |TAMS 0x0000000084a00000| PB 0x0000000084a00000| Complete 
|  75|0x0000000084b00000, 0x0000000084c00000, 0x0000000084c00000|100%|HC|  |TAMS 0x0000000084b00000| PB 0x0000000084b00000| Complete 
|  76|0x0000000084c00000, 0x0000000084d00000, 0x0000000084d00000|100%|HC|  |TAMS 0x0000000084c00000| PB 0x0000000084c00000| Complete 
|  77|0x0000000084d00000, 0x0000000084e00000, 0x0000000084e00000|100%| O|  |TAMS 0x0000000084d00000| PB 0x0000000084d00000| Untracked 
|  78|0x0000000084e00000, 0x0000000084f00000, 0x0000000084f00000|100%| O|  |TAMS 0x0000000084e00000| PB 0x0000000084e00000| Untracked 
|  79|0x0000000084f00000, 0x0000000085000000, 0x0000000085000000|100%| O|  |TAMS 0x0000000084f00000| PB 0x0000000084f00000| Untracked 
|  80|0x0000000085000000, 0x0000000085100000, 0x0000000085100000|100%| O|  |TAMS 0x0000000085000000| PB 0x0000000085000000| Untracked 
|  81|0x0000000085100000, 0x0000000085200000, 0x0000000085200000|100%| O|  |TAMS 0x0000000085100000| PB 0x0000000085100000| Untracked 
|  82|0x0000000085200000, 0x0000000085300000, 0x0000000085300000|100%| O|  |TAMS 0x0000000085200000| PB 0x0000000085200000| Untracked 
|  83|0x0000000085300000, 0x0000000085300000, 0x0000000085400000|  0%| F|  |TAMS 0x0000000085300000| PB 0x0000000085300000| Untracked 
|  84|0x0000000085400000, 0x0000000085400000, 0x0000000085500000|  0%| F|  |TAMS 0x0000000085400000| PB 0x0000000085400000| Untracked 
|  85|0x0000000085500000, 0x0000000085500000, 0x0000000085600000|  0%| F|  |TAMS 0x0000000085500000| PB 0x0000000085500000| Untracked 
|  86|0x0000000085600000, 0x0000000085600000, 0x0000000085700000|  0%| F|  |TAMS 0x0000000085600000| PB 0x0000000085600000| Untracked 
|  87|0x0000000085700000, 0x0000000085700000, 0x0000000085800000|  0%| F|  |TAMS 0x0000000085700000| PB 0x0000000085700000| Untracked 
|  88|0x0000000085800000, 0x0000000085800000, 0x0000000085900000|  0%| F|  |TAMS 0x0000000085800000| PB 0x0000000085800000| Untracked 
|  89|0x0000000085900000, 0x0000000085a00000, 0x0000000085a00000|100%| O|  |TAMS 0x0000000085900000| PB 0x0000000085900000| Untracked 
|  90|0x0000000085a00000, 0x0000000085abd380, 0x0000000085b00000| 73%| O|  |TAMS 0x0000000085a00000| PB 0x0000000085a00000| Untracked 
|  91|0x0000000085b00000, 0x0000000085b00000, 0x0000000085c00000|  0%| F|  |TAMS 0x0000000085b00000| PB 0x0000000085b00000| Untracked 
|  92|0x0000000085c00000, 0x0000000085c00000, 0x0000000085d00000|  0%| F|  |TAMS 0x0000000085c00000| PB 0x0000000085c00000| Untracked 
|  93|0x0000000085d00000, 0x0000000085d00000, 0x0000000085e00000|  0%| F|  |TAMS 0x0000000085d00000| PB 0x0000000085d00000| Untracked 
|  94|0x0000000085e00000, 0x0000000085e00000, 0x0000000085f00000|  0%| F|  |TAMS 0x0000000085e00000| PB 0x0000000085e00000| Untracked 
|  95|0x0000000085f00000, 0x0000000085f00000, 0x0000000086000000|  0%| F|  |TAMS 0x0000000085f00000| PB 0x0000000085f00000| Untracked 
|  96|0x0000000086000000, 0x0000000086000000, 0x0000000086100000|  0%| F|  |TAMS 0x0000000086000000| PB 0x0000000086000000| Untracked 
|  97|0x0000000086100000, 0x0000000086100000, 0x0000000086200000|  0%| F|  |TAMS 0x0000000086100000| PB 0x0000000086100000| Untracked 
|  98|0x0000000086200000, 0x0000000086200000, 0x0000000086300000|  0%| F|  |TAMS 0x0000000086200000| PB 0x0000000086200000| Untracked 
|  99|0x0000000086300000, 0x0000000086300000, 0x0000000086400000|  0%| F|  |TAMS 0x0000000086300000| PB 0x0000000086300000| Untracked 
| 100|0x0000000086400000, 0x0000000086400000, 0x0000000086500000|  0%| F|  |TAMS 0x0000000086400000| PB 0x0000000086400000| Untracked 
| 101|0x0000000086500000, 0x0000000086500000, 0x0000000086600000|  0%| F|  |TAMS 0x0000000086500000| PB 0x0000000086500000| Untracked 
| 102|0x0000000086600000, 0x0000000086600000, 0x0000000086700000|  0%| F|  |TAMS 0x0000000086600000| PB 0x0000000086600000| Untracked 
| 103|0x0000000086700000, 0x0000000086700000, 0x0000000086800000|  0%| F|  |TAMS 0x0000000086700000| PB 0x0000000086700000| Untracked 
| 104|0x0000000086800000, 0x0000000086800000, 0x0000000086900000|  0%| F|  |TAMS 0x0000000086800000| PB 0x0000000086800000| Untracked 
| 105|0x0000000086900000, 0x0000000086900000, 0x0000000086a00000|  0%| F|  |TAMS 0x0000000086900000| PB 0x0000000086900000| Untracked 
| 106|0x0000000086a00000, 0x0000000086aa9bc8, 0x0000000086b00000| 66%| S|CS|TAMS 0x0000000086a00000| PB 0x0000000086a00000| Complete 
| 107|0x0000000086b00000, 0x0000000086c00000, 0x0000000086c00000|100%| S|CS|TAMS 0x0000000086b00000| PB 0x0000000086b00000| Complete 
| 108|0x0000000086c00000, 0x0000000086d00000, 0x0000000086d00000|100%| S|CS|TAMS 0x0000000086c00000| PB 0x0000000086c00000| Complete 
| 109|0x0000000086d00000, 0x0000000086e00000, 0x0000000086e00000|100%| S|CS|TAMS 0x0000000086d00000| PB 0x0000000086d00000| Complete 
| 110|0x0000000086e00000, 0x0000000086e00000, 0x0000000086f00000|  0%| F|  |TAMS 0x0000000086e00000| PB 0x0000000086e00000| Untracked 
| 111|0x0000000086f00000, 0x0000000086f00000, 0x0000000087000000|  0%| F|  |TAMS 0x0000000086f00000| PB 0x0000000086f00000| Untracked 
| 112|0x0000000087000000, 0x0000000087000000, 0x0000000087100000|  0%| F|  |TAMS 0x0000000087000000| PB 0x0000000087000000| Untracked 
| 113|0x0000000087100000, 0x0000000087100000, 0x0000000087200000|  0%| F|  |TAMS 0x0000000087100000| PB 0x0000000087100000| Untracked 
| 114|0x0000000087200000, 0x0000000087200000, 0x0000000087300000|  0%| F|  |TAMS 0x0000000087200000| PB 0x0000000087200000| Untracked 
| 115|0x0000000087300000, 0x0000000087300000, 0x0000000087400000|  0%| F|  |TAMS 0x0000000087300000| PB 0x0000000087300000| Untracked 
| 116|0x0000000087400000, 0x0000000087400000, 0x0000000087500000|  0%| F|  |TAMS 0x0000000087400000| PB 0x0000000087400000| Untracked 
| 117|0x0000000087500000, 0x0000000087500000, 0x0000000087600000|  0%| F|  |TAMS 0x0000000087500000| PB 0x0000000087500000| Untracked 
| 118|0x0000000087600000, 0x0000000087600000, 0x0000000087700000|  0%| F|  |TAMS 0x0000000087600000| PB 0x0000000087600000| Untracked 
| 119|0x0000000087700000, 0x0000000087700000, 0x0000000087800000|  0%| F|  |TAMS 0x0000000087700000| PB 0x0000000087700000| Untracked 
| 120|0x0000000087800000, 0x0000000087800000, 0x0000000087900000|  0%| F|  |TAMS 0x0000000087800000| PB 0x0000000087800000| Untracked 
| 121|0x0000000087900000, 0x0000000087900000, 0x0000000087a00000|  0%| F|  |TAMS 0x0000000087900000| PB 0x0000000087900000| Untracked 
| 122|0x0000000087a00000, 0x0000000087a00000, 0x0000000087b00000|  0%| F|  |TAMS 0x0000000087a00000| PB 0x0000000087a00000| Untracked 
| 123|0x0000000087b00000, 0x0000000087b00000, 0x0000000087c00000|  0%| F|  |TAMS 0x0000000087b00000| PB 0x0000000087b00000| Untracked 
| 124|0x0000000087c00000, 0x0000000087c00000, 0x0000000087d00000|  0%| F|  |TAMS 0x0000000087c00000| PB 0x0000000087c00000| Untracked 
| 125|0x0000000087d00000, 0x0000000087d00000, 0x0000000087e00000|  0%| F|  |TAMS 0x0000000087d00000| PB 0x0000000087d00000| Untracked 
| 126|0x0000000087e00000, 0x0000000087e00000, 0x0000000087f00000|  0%| F|  |TAMS 0x0000000087e00000| PB 0x0000000087e00000| Untracked 
| 127|0x0000000087f00000, 0x0000000087f00000, 0x0000000088000000|  0%| F|  |TAMS 0x0000000087f00000| PB 0x0000000087f00000| Untracked 
| 128|0x0000000088000000, 0x0000000088000000, 0x0000000088100000|  0%| F|  |TAMS 0x0000000088000000| PB 0x0000000088000000| Untracked 
| 129|0x0000000088100000, 0x0000000088100000, 0x0000000088200000|  0%| F|  |TAMS 0x0000000088100000| PB 0x0000000088100000| Untracked 
| 130|0x0000000088200000, 0x0000000088200000, 0x0000000088300000|  0%| F|  |TAMS 0x0000000088200000| PB 0x0000000088200000| Untracked 
| 131|0x0000000088300000, 0x0000000088300000, 0x0000000088400000|  0%| F|  |TAMS 0x0000000088300000| PB 0x0000000088300000| Untracked 
| 132|0x0000000088400000, 0x0000000088500000, 0x0000000088500000|100%| E|  |TAMS 0x0000000088400000| PB 0x0000000088400000| Complete 
| 133|0x0000000088500000, 0x0000000088600000, 0x0000000088600000|100%| E|CS|TAMS 0x0000000088500000| PB 0x0000000088500000| Complete 
| 134|0x0000000088600000, 0x0000000088700000, 0x0000000088700000|100%| E|CS|TAMS 0x0000000088600000| PB 0x0000000088600000| Complete 
| 135|0x0000000088700000, 0x0000000088800000, 0x0000000088800000|100%| E|CS|TAMS 0x0000000088700000| PB 0x0000000088700000| Complete 
| 136|0x0000000088800000, 0x0000000088900000, 0x0000000088900000|100%| E|CS|TAMS 0x0000000088800000| PB 0x0000000088800000| Complete 
| 137|0x0000000088900000, 0x0000000088a00000, 0x0000000088a00000|100%| E|CS|TAMS 0x0000000088900000| PB 0x0000000088900000| Complete 
| 138|0x0000000088a00000, 0x0000000088b00000, 0x0000000088b00000|100%| E|CS|TAMS 0x0000000088a00000| PB 0x0000000088a00000| Complete 
| 139|0x0000000088b00000, 0x0000000088c00000, 0x0000000088c00000|100%| E|CS|TAMS 0x0000000088b00000| PB 0x0000000088b00000| Complete 
| 140|0x0000000088c00000, 0x0000000088d00000, 0x0000000088d00000|100%| E|CS|TAMS 0x0000000088c00000| PB 0x0000000088c00000| Complete 
| 141|0x0000000088d00000, 0x0000000088e00000, 0x0000000088e00000|100%| E|CS|TAMS 0x0000000088d00000| PB 0x0000000088d00000| Complete 
| 142|0x0000000088e00000, 0x0000000088f00000, 0x0000000088f00000|100%| E|CS|TAMS 0x0000000088e00000| PB 0x0000000088e00000| Complete 
| 143|0x0000000088f00000, 0x0000000089000000, 0x0000000089000000|100%| E|CS|TAMS 0x0000000088f00000| PB 0x0000000088f00000| Complete 
| 144|0x0000000089000000, 0x0000000089100000, 0x0000000089100000|100%| E|CS|TAMS 0x0000000089000000| PB 0x0000000089000000| Complete 
| 145|0x0000000089100000, 0x0000000089200000, 0x0000000089200000|100%| E|CS|TAMS 0x0000000089100000| PB 0x0000000089100000| Complete 
| 146|0x0000000089200000, 0x0000000089300000, 0x0000000089300000|100%| E|CS|TAMS 0x0000000089200000| PB 0x0000000089200000| Complete 
| 147|0x0000000089300000, 0x0000000089400000, 0x0000000089400000|100%| E|CS|TAMS 0x0000000089300000| PB 0x0000000089300000| Complete 
| 148|0x0000000089400000, 0x0000000089500000, 0x0000000089500000|100%| E|CS|TAMS 0x0000000089400000| PB 0x0000000089400000| Complete 
| 149|0x0000000089500000, 0x0000000089600000, 0x0000000089600000|100%| E|CS|TAMS 0x0000000089500000| PB 0x0000000089500000| Complete 
| 150|0x0000000089600000, 0x0000000089700000, 0x0000000089700000|100%| E|CS|TAMS 0x0000000089600000| PB 0x0000000089600000| Complete 
| 151|0x0000000089700000, 0x0000000089800000, 0x0000000089800000|100%| E|CS|TAMS 0x0000000089700000| PB 0x0000000089700000| Complete 
| 152|0x0000000089800000, 0x0000000089900000, 0x0000000089900000|100%| E|CS|TAMS 0x0000000089800000| PB 0x0000000089800000| Complete 
| 153|0x0000000089900000, 0x0000000089a00000, 0x0000000089a00000|100%| E|CS|TAMS 0x0000000089900000| PB 0x0000000089900000| Complete 
| 154|0x0000000089a00000, 0x0000000089b00000, 0x0000000089b00000|100%| E|CS|TAMS 0x0000000089a00000| PB 0x0000000089a00000| Complete 
| 155|0x0000000089b00000, 0x0000000089c00000, 0x0000000089c00000|100%| E|CS|TAMS 0x0000000089b00000| PB 0x0000000089b00000| Complete 
| 156|0x0000000089c00000, 0x0000000089d00000, 0x0000000089d00000|100%| E|CS|TAMS 0x0000000089c00000| PB 0x0000000089c00000| Complete 
| 157|0x0000000089d00000, 0x0000000089e00000, 0x0000000089e00000|100%| E|CS|TAMS 0x0000000089d00000| PB 0x0000000089d00000| Complete 
| 158|0x0000000089e00000, 0x0000000089f00000, 0x0000000089f00000|100%| E|CS|TAMS 0x0000000089e00000| PB 0x0000000089e00000| Complete 
| 159|0x0000000089f00000, 0x000000008a000000, 0x000000008a000000|100%| E|CS|TAMS 0x0000000089f00000| PB 0x0000000089f00000| Complete 
| 160|0x000000008a000000, 0x000000008a100000, 0x000000008a100000|100%| E|CS|TAMS 0x000000008a000000| PB 0x000000008a000000| Complete 
| 161|0x000000008a100000, 0x000000008a200000, 0x000000008a200000|100%| E|CS|TAMS 0x000000008a100000| PB 0x000000008a100000| Complete 
| 162|0x000000008a200000, 0x000000008a300000, 0x000000008a300000|100%| E|CS|TAMS 0x000000008a200000| PB 0x000000008a200000| Complete 
| 163|0x000000008a300000, 0x000000008a400000, 0x000000008a400000|100%| E|CS|TAMS 0x000000008a300000| PB 0x000000008a300000| Complete 
| 164|0x000000008a400000, 0x000000008a500000, 0x000000008a500000|100%| E|CS|TAMS 0x000000008a400000| PB 0x000000008a400000| Complete 
| 165|0x000000008a500000, 0x000000008a600000, 0x000000008a600000|100%| E|CS|TAMS 0x000000008a500000| PB 0x000000008a500000| Complete 
| 166|0x000000008a600000, 0x000000008a700000, 0x000000008a700000|100%| E|CS|TAMS 0x000000008a600000| PB 0x000000008a600000| Complete 
| 167|0x000000008a700000, 0x000000008a800000, 0x000000008a800000|100%| E|CS|TAMS 0x000000008a700000| PB 0x000000008a700000| Complete 
|2039|0x00000000ff700000, 0x00000000ff800000, 0x00000000ff800000|100%| O|  |TAMS 0x00000000ff700000| PB 0x00000000ff700000| Untracked 
|2040|0x00000000ff800000, 0x00000000ff900000, 0x00000000ff900000|100%| O|  |TAMS 0x00000000ff800000| PB 0x00000000ff800000| Untracked 
|2041|0x00000000ff900000, 0x00000000ffa00000, 0x00000000ffa00000|100%| O|  |TAMS 0x00000000ff900000| PB 0x00000000ff900000| Untracked 
|2042|0x00000000ffa00000, 0x00000000ffb00000, 0x00000000ffb00000|100%| O|  |TAMS 0x00000000ffa00000| PB 0x00000000ffa00000| Untracked 
|2043|0x00000000ffb00000, 0x00000000ffc00000, 0x00000000ffc00000|100%| O|  |TAMS 0x00000000ffb00000| PB 0x00000000ffb00000| Untracked 
|2044|0x00000000ffc00000, 0x00000000ffd00000, 0x00000000ffd00000|100%| O|  |TAMS 0x00000000ffc00000| PB 0x00000000ffc00000| Untracked 
|2045|0x00000000ffd00000, 0x00000000ffe00000, 0x00000000ffe00000|100%| O|  |TAMS 0x00000000ffd00000| PB 0x00000000ffd00000| Untracked 
|2046|0x00000000ffe00000, 0x00000000fff00000, 0x00000000fff00000|100%| O|  |TAMS 0x00000000ffe00000| PB 0x00000000ffe00000| Untracked 
|2047|0x00000000fff00000, 0x0000000100000000, 0x0000000100000000|100%| E|CS|TAMS 0x00000000fff00000| PB 0x00000000fff00000| Complete 

Card table byte_map: [0x0000018acad80000,0x0000018acb180000] _byte_map_base: 0x0000018aca980000

Marking Bits: (CMBitMap*) 0x0000018ab8555f50
 Bits: [0x0000018acb180000, 0x0000018acd180000)

Polling page: 0x0000018ab62e0000

Metaspace:

Usage:
  Non-class:     88.42 MB used.
      Class:     13.89 MB used.
       Both:    102.31 MB used.

Virtual space:
  Non-class space:      128.00 MB reserved,      89.50 MB ( 70%) committed,  2 nodes.
      Class space:        1.00 GB reserved,      14.94 MB (  1%) committed,  1 nodes.
             Both:        1.12 GB reserved,     104.44 MB (  9%) committed. 

Chunk freelists:
   Non-Class:  6.48 MB
       Class:  993.00 KB
        Both:  7.45 MB

MaxMetaspaceSize: unlimited
CompressedClassSpaceSize: 1.00 GB
Initial GC threshold: 21.00 MB
Current GC threshold: 149.81 MB
CDS: off
 - commit_granule_bytes: 65536.
 - commit_granule_words: 8192.
 - virtual_space_node_default_size: 8388608.
 - enlarge_chunks_in_place: 1.
 - use_allocation_guard: 0.


Internal statistics:

num_allocs_failed_limit: 6.
num_arena_births: 4144.
num_arena_deaths: 0.
num_vsnodes_births: 3.
num_vsnodes_deaths: 0.
num_space_committed: 1671.
num_space_uncommitted: 0.
num_chunks_returned_to_freelist: 6.
num_chunks_taken_from_freelist: 8619.
num_chunk_merges: 6.
num_chunk_splits: 5612.
num_chunks_enlarged: 3516.
num_inconsistent_stats: 0.

CodeHeap 'non-profiled nmethods': size=120000Kb used=5631Kb max_used=5631Kb free=114368Kb
 bounds [0x0000018ac3120000, 0x0000018ac36a0000, 0x0000018aca650000]
CodeHeap 'profiled nmethods': size=120000Kb used=18063Kb max_used=18063Kb free=101936Kb
 bounds [0x0000018abb650000, 0x0000018abc800000, 0x0000018ac2b80000]
CodeHeap 'non-nmethods': size=5760Kb used=2873Kb max_used=2892Kb free=2886Kb
 bounds [0x0000018ac2b80000, 0x0000018ac2e70000, 0x0000018ac3120000]
 total_blobs=10694 nmethods=9702 adapters=896
 compilation: enabled
              stopped_count=0, restarted_count=0
 full_count=0

Compilation events (20 events):
Event: 44.388 Thread 0x0000018ad41001d0 11266       3       org.gradle.api.internal.artifacts.DefaultPublishArtifactSet$$Lambda/0x000000010076f6b0::<init> (10 bytes)
Event: 44.388 Thread 0x0000018ad41001d0 nmethod 11266 0x0000018abc7ec990 code [0x0000018abc7ecb40, 0x0000018abc7eccf8]
Event: 44.389 Thread 0x0000018ad41001d0 11268       3       java.lang.invoke.LambdaForm$BasicType::basicType (8 bytes)
Event: 44.389 Thread 0x0000018ad41001d0 nmethod 11268 0x0000018abc7ecd90 code [0x0000018abc7ecf60, 0x0000018abc7ed1a0]
Event: 44.390 Thread 0x0000018ad41001d0 11269       3       org.gradle.api.internal.DefaultDomainObjectCollection::doAdd (29 bytes)
Event: 44.391 Thread 0x0000018ad41001d0 nmethod 11269 0x0000018abc7ed310 code [0x0000018abc7ed500, 0x0000018abc7ed990]
Event: 44.391 Thread 0x0000018ad41001d0 11270       3       java.util.LinkedHashMap::<init> (21 bytes)
Event: 44.391 Thread 0x0000018ad41001d0 nmethod 11270 0x0000018abc7edb10 code [0x0000018abc7edce0, 0x0000018abc7edf50]
Event: 44.391 Thread 0x0000018ad41001d0 11271       1       org.gradle.api.internal.artifacts.configurations.DefaultVariant::getName (5 bytes)
Event: 44.391 Thread 0x0000018ad41001d0 nmethod 11271 0x0000018ac369ed90 code [0x0000018ac369ef20, 0x0000018ac369efe8]
Event: 44.391 Thread 0x0000018ad41001d0 11272       3       java.lang.invoke.LambdaForm$MH/0x00000001000fb800::invoke (56 bytes)
Event: 44.392 Thread 0x0000018ad41001d0 nmethod 11272 0x0000018abc7ee090 code [0x0000018abc7ee2a0, 0x0000018abc7eeb68]
Event: 44.392 Thread 0x0000018ad41001d0 11273       3       com.android.build.api.artifact.impl.StorageProviderImpl::getStorage (63 bytes)
Event: 44.394 Thread 0x0000018ad41001d0 nmethod 11273 0x0000018abc7eed90 code [0x0000018abc7ef080, 0x0000018abc7effd0]
Event: 44.394 Thread 0x0000018ad41001d0 11275       3       java.lang.StringConcatHelper::stringOf (20 bytes)
Event: 44.395 Thread 0x0000018ad41001d0 nmethod 11275 0x0000018abc7f0510 code [0x0000018abc7f06c0, 0x0000018abc7f08e8]
Event: 44.395 Thread 0x0000018ad41001d0 11274       3       com.google.common.collect.Iterators$SingletonIterator::hasNext (13 bytes)
Event: 44.395 Thread 0x0000018ad41001d0 nmethod 11274 0x0000018abc7f0990 code [0x0000018abc7f0b20, 0x0000018abc7f0c80]
Event: 44.402 Thread 0x0000018ad41001d0 11276       1       org.gradle.api.internal.provider.ValueSupplier$Present::getSideEffect (5 bytes)
Event: 44.402 Thread 0x0000018ad41001d0 nmethod 11276 0x0000018ac369f090 code [0x0000018ac369f220, 0x0000018ac369f2e8]

GC Heap History (20 events):
Event: 33.868 GC heap before
{Heap before GC invocations=30 (full 0):
 garbage-first heap   total 125952K, used 124442K [0x0000000080000000, 0x0000000100000000)
  region size 1024K, 61 young (62464K), 7 survivors (7168K)
 Metaspace       used 76397K, committed 78272K, reserved 1179648K
  class space    used 10253K, committed 11200K, reserved 1048576K
}
Event: 33.883 GC heap after
{Heap after GC invocations=31 (full 0):
 garbage-first heap   total 141312K, used 77273K [0x0000000080000000, 0x0000000100000000)
  region size 1024K, 8 young (8192K), 8 survivors (8192K)
 Metaspace       used 76397K, committed 78272K, reserved 1179648K
  class space    used 10253K, committed 11200K, reserved 1048576K
}
Event: 35.418 GC heap before
{Heap before GC invocations=31 (full 0):
 garbage-first heap   total 141312K, used 124377K [0x0000000080000000, 0x0000000100000000)
  region size 1024K, 54 young (55296K), 8 survivors (8192K)
 Metaspace       used 81918K, committed 83968K, reserved 1179648K
  class space    used 10970K, committed 11968K, reserved 1048576K
}
Event: 35.428 GC heap after
{Heap after GC invocations=32 (full 0):
 garbage-first heap   total 141312K, used 79059K [0x0000000080000000, 0x0000000100000000)
  region size 1024K, 3 young (3072K), 3 survivors (3072K)
 Metaspace       used 81918K, committed 83968K, reserved 1179648K
  class space    used 10970K, committed 11968K, reserved 1048576K
}
Event: 35.615 GC heap before
{Heap before GC invocations=32 (full 0):
 garbage-first heap   total 141312K, used 81107K [0x0000000080000000, 0x0000000100000000)
  region size 1024K, 6 young (6144K), 3 survivors (3072K)
 Metaspace       used 82418K, committed 84416K, reserved 1179648K
  class space    used 11027K, committed 12032K, reserved 1048576K
}
Event: 35.623 GC heap after
{Heap after GC invocations=33 (full 0):
 garbage-first heap   total 141312K, used 79433K [0x0000000080000000, 0x0000000100000000)
  region size 1024K, 3 young (3072K), 3 survivors (3072K)
 Metaspace       used 82418K, committed 84416K, reserved 1179648K
  class space    used 11027K, committed 12032K, reserved 1048576K
}
Event: 36.783 GC heap before
{Heap before GC invocations=34 (full 0):
 garbage-first heap   total 141312K, used 131657K [0x0000000080000000, 0x0000000100000000)
  region size 1024K, 49 young (50176K), 3 survivors (3072K)
 Metaspace       used 85095K, committed 87040K, reserved 1179648K
  class space    used 11388K, committed 12352K, reserved 1048576K
}
Event: 36.794 GC heap after
{Heap after GC invocations=35 (full 0):
 garbage-first heap   total 141312K, used 84467K [0x0000000080000000, 0x0000000100000000)
  region size 1024K, 7 young (7168K), 7 survivors (7168K)
 Metaspace       used 85095K, committed 87040K, reserved 1179648K
  class space    used 11388K, committed 12352K, reserved 1048576K
}
Event: 38.143 GC heap before
{Heap before GC invocations=35 (full 0):
 garbage-first heap   total 141312K, used 125427K [0x0000000080000000, 0x0000000100000000)
  region size 1024K, 47 young (48128K), 7 survivors (7168K)
 Metaspace       used 89251K, committed 91328K, reserved 1179648K
  class space    used 11914K, committed 12928K, reserved 1048576K
}
Event: 38.158 GC heap after
{Heap after GC invocations=36 (full 0):
 garbage-first heap   total 141312K, used 85933K [0x0000000080000000, 0x0000000100000000)
  region size 1024K, 3 young (3072K), 3 survivors (3072K)
 Metaspace       used 89251K, committed 91328K, reserved 1179648K
  class space    used 11914K, committed 12928K, reserved 1048576K
}
Event: 38.338 GC heap before
{Heap before GC invocations=36 (full 0):
 garbage-first heap   total 141312K, used 91053K [0x0000000080000000, 0x0000000100000000)
  region size 1024K, 9 young (9216K), 3 survivors (3072K)
 Metaspace       used 89872K, committed 91904K, reserved 1179648K
  class space    used 11992K, committed 12992K, reserved 1048576K
}
Event: 38.345 GC heap after
{Heap after GC invocations=37 (full 0):
 garbage-first heap   total 141312K, used 86108K [0x0000000080000000, 0x0000000100000000)
  region size 1024K, 3 young (3072K), 3 survivors (3072K)
 Metaspace       used 89872K, committed 91904K, reserved 1179648K
  class space    used 11992K, committed 12992K, reserved 1048576K
}
Event: 39.601 GC heap before
{Heap before GC invocations=38 (full 0):
 garbage-first heap   total 150528K, used 132188K [0x0000000080000000, 0x0000000100000000)
  region size 1024K, 45 young (46080K), 3 survivors (3072K)
 Metaspace       used 93103K, committed 95168K, reserved 1179648K
  class space    used 12428K, committed 13440K, reserved 1048576K
}
Event: 39.608 GC heap after
{Heap after GC invocations=39 (full 0):
 garbage-first heap   total 150528K, used 91299K [0x0000000080000000, 0x0000000100000000)
  region size 1024K, 5 young (5120K), 5 survivors (5120K)
 Metaspace       used 93103K, committed 95168K, reserved 1179648K
  class space    used 12428K, committed 13440K, reserved 1048576K
}
Event: 40.617 GC heap before
{Heap before GC invocations=39 (full 0):
 garbage-first heap   total 150528K, used 136355K [0x0000000080000000, 0x0000000100000000)
  region size 1024K, 49 young (50176K), 5 survivors (5120K)
 Metaspace       used 94361K, committed 96384K, reserved 1179648K
  class space    used 12624K, committed 13632K, reserved 1048576K
}
Event: 40.631 GC heap after
{Heap after GC invocations=40 (full 0):
 garbage-first heap   total 150528K, used 94966K [0x0000000080000000, 0x0000000100000000)
  region size 1024K, 7 young (7168K), 7 survivors (7168K)
 Metaspace       used 94361K, committed 96384K, reserved 1179648K
  class space    used 12624K, committed 13632K, reserved 1048576K
}
Event: 41.592 GC heap before
{Heap before GC invocations=40 (full 0):
 garbage-first heap   total 150528K, used 132854K [0x0000000080000000, 0x0000000100000000)
  region size 1024K, 45 young (46080K), 7 survivors (7168K)
 Metaspace       used 97379K, committed 99456K, reserved 1179648K
  class space    used 13032K, committed 14080K, reserved 1048576K
}
Event: 41.603 GC heap after
{Heap after GC invocations=41 (full 0):
 garbage-first heap   total 181248K, used 97142K [0x0000000080000000, 0x0000000100000000)
  region size 1024K, 3 young (3072K), 3 survivors (3072K)
 Metaspace       used 97379K, committed 99456K, reserved 1179648K
  class space    used 13032K, committed 14080K, reserved 1048576K
}
Event: 43.401 GC heap before
{Heap before GC invocations=41 (full 0):
 garbage-first heap   total 181248K, used 158582K [0x0000000080000000, 0x0000000100000000)
  region size 1024K, 62 young (63488K), 3 survivors (3072K)
 Metaspace       used 102195K, committed 104320K, reserved 1179648K
  class space    used 13840K, committed 14912K, reserved 1048576K
}
Event: 43.410 GC heap after
{Heap after GC invocations=42 (full 0):
 garbage-first heap   total 181248K, used 98715K [0x0000000080000000, 0x0000000100000000)
  region size 1024K, 4 young (4096K), 4 survivors (4096K)
 Metaspace       used 102195K, committed 104320K, reserved 1179648K
  class space    used 13840K, committed 14912K, reserved 1048576K
}

Dll operation events (3 events):
Event: 0.388 Loaded shared library C:\Program Files\Android\Android Studio\jbr\bin\java.dll
Event: 0.490 Loaded shared library C:\Program Files\Android\Android Studio\jbr\bin\zip.dll
Event: 2.821 Loaded shared library C:\Program Files\Android\Android Studio\jbr\bin\verify.dll

Deoptimization events (20 events):
Event: 43.041 Thread 0x0000018ad444e970 Uncommon trap: trap_request=0xffffffde fr.pc=0x0000018ac3180214 relative=0x0000000000000074
Event: 43.041 Thread 0x0000018ad444e970 Uncommon trap: reason=class_check action=maybe_recompile pc=0x0000018ac3180214 method=java.lang.invoke.Invokers$Holder.linkToTargetMethod(Ljava/lang/Object;Ljava/lang/Object;Ljava/lang/Object;Ljava/lang/Object;)Ljava/lang/Object; @ 1 c2
Event: 43.041 Thread 0x0000018ad444e970 DEOPT PACKING pc=0x0000018ac3180214 sp=0x0000005efa1f8c60
Event: 43.042 Thread 0x0000018ad444e970 DEOPT UNPACKING pc=0x0000018ac2bd46a2 sp=0x0000005efa1f8bf0 mode 2
Event: 43.042 Thread 0x0000018ad444e970 Uncommon trap: trap_request=0xffffffde fr.pc=0x0000018ac3180214 relative=0x0000000000000074
Event: 43.042 Thread 0x0000018ad444e970 Uncommon trap: reason=class_check action=maybe_recompile pc=0x0000018ac3180214 method=java.lang.invoke.Invokers$Holder.linkToTargetMethod(Ljava/lang/Object;Ljava/lang/Object;Ljava/lang/Object;Ljava/lang/Object;)Ljava/lang/Object; @ 1 c2
Event: 43.042 Thread 0x0000018ad444e970 DEOPT PACKING pc=0x0000018ac3180214 sp=0x0000005efa1f8c60
Event: 43.042 Thread 0x0000018ad444e970 DEOPT UNPACKING pc=0x0000018ac2bd46a2 sp=0x0000005efa1f8bf0 mode 2
Event: 43.517 Thread 0x0000018ad444e970 DEOPT PACKING pc=0x0000018abbe918e8 sp=0x0000005efa1f7f00
Event: 43.517 Thread 0x0000018ad444e970 DEOPT UNPACKING pc=0x0000018ac2bd4e42 sp=0x0000005efa1f7420 mode 0
Event: 43.635 Thread 0x0000018ad444e970 Uncommon trap: trap_request=0xffffff45 fr.pc=0x0000018ac32453e4 relative=0x00000000000000c4
Event: 43.635 Thread 0x0000018ad444e970 Uncommon trap: reason=unstable_if action=reinterpret pc=0x0000018ac32453e4 method=java.lang.invoke.LambdaForm$BasicType.basicType(C)Ljava/lang/invoke/LambdaForm$BasicType; @ 1 c2
Event: 43.635 Thread 0x0000018ad444e970 DEOPT PACKING pc=0x0000018ac32453e4 sp=0x0000005efa1f79f0
Event: 43.635 Thread 0x0000018ad444e970 DEOPT UNPACKING pc=0x0000018ac2bd46a2 sp=0x0000005efa1f7990 mode 2
Event: 43.650 Thread 0x0000018ad444e970 Uncommon trap: trap_request=0xffffff45 fr.pc=0x0000018ac3652a88 relative=0x0000000000000068
Event: 43.650 Thread 0x0000018ad444e970 Uncommon trap: reason=unstable_if action=reinterpret pc=0x0000018ac3652a88 method=java.lang.StringConcatHelper.stringOf(Ljava/lang/Object;)Ljava/lang/String; @ 1 c2
Event: 43.650 Thread 0x0000018ad444e970 DEOPT PACKING pc=0x0000018ac3652a88 sp=0x0000005efa1f8980
Event: 43.650 Thread 0x0000018ad444e970 DEOPT UNPACKING pc=0x0000018ac2bd46a2 sp=0x0000005efa1f8910 mode 2
Event: 44.217 Thread 0x0000018ad444e970 DEOPT PACKING pc=0x0000018abbf9374e sp=0x0000005efa1f8840
Event: 44.217 Thread 0x0000018ad444e970 DEOPT UNPACKING pc=0x0000018ac2bd4e42 sp=0x0000005efa1f7e00 mode 0

Classes loaded (20 events):
Event: 38.263 Loading class javax/management/OperationsException done
Event: 38.263 Loading class javax/management/ListenerNotFoundException done
Event: 38.263 Loading class jdk/jfr/FlightRecorder
Event: 38.264 Loading class jdk/jfr/FlightRecorder done
Event: 38.264 Loading class jdk/management/jfr/FlightRecorderMXBeanImpl$MXBeanListener
Event: 38.264 Loading class jdk/jfr/FlightRecorderListener
Event: 38.264 Loading class jdk/jfr/FlightRecorderListener done
Event: 38.264 Loading class jdk/management/jfr/FlightRecorderMXBeanImpl$MXBeanListener done
Event: 38.321 Loading class com/sun/jmx/mbeanserver/StandardMBeanSupport
Event: 38.321 Loading class com/sun/jmx/mbeanserver/StandardMBeanSupport done
Event: 38.321 Loading class com/sun/jmx/mbeanserver/StandardMBeanIntrospector
Event: 38.322 Loading class com/sun/jmx/mbeanserver/StandardMBeanIntrospector done
Event: 41.625 Loading class sun/reflect/generics/repository/FieldRepository
Event: 41.625 Loading class sun/reflect/generics/repository/FieldRepository done
Event: 41.660 Loading class jdk/internal/vm/annotation/ForceInline
Event: 41.660 Loading class jdk/internal/vm/annotation/ForceInline done
Event: 41.781 Loading class java/util/regex/Pattern$Caret
Event: 41.781 Loading class java/util/regex/Pattern$Caret done
Event: 43.038 Loading class java/lang/invoke/BoundMethodHandle$Species_LLLJ
Event: 43.038 Loading class java/lang/invoke/BoundMethodHandle$Species_LLLJ done

Classes unloaded (0 events):
No events

Classes redefined (0 events):
No events

Internal exceptions (20 events):
Event: 39.824 Thread 0x0000018ad444e970 Exception <a 'java/lang/ClassNotFoundException'{0x00000000885ea240}: org/jetbrains/kotlin/gradle/targets/js/npm/NpmDependencyExtensionKt$defaultNpmDependencyDelegate$1Customizer> (0x00000000885ea240) 
thrown [s\src\hotspot\share\classfile\systemDictionary.cpp, line 312]
Event: 39.831 Thread 0x0000018ad444e970 Exception <a 'java/lang/ClassNotFoundException'{0x000000008842c358}: org/jetbrains/kotlin/gradle/targets/js/npm/DefaultDevNpmDependencyExtensionBeanInfo> (0x000000008842c358) 
thrown [s\src\hotspot\share\classfile\systemDictionary.cpp, line 312]
Event: 39.833 Thread 0x0000018ad444e970 Exception <a 'java/lang/ClassNotFoundException'{0x000000008843b2c0}: org/jetbrains/kotlin/gradle/targets/js/npm/DefaultDevNpmDependencyExtensionCustomizer> (0x000000008843b2c0) 
thrown [s\src\hotspot\share\classfile\systemDictionary.cpp, line 312]
Event: 39.841 Thread 0x0000018ad444e970 Exception <a 'java/lang/ClassNotFoundException'{0x0000000088485010}: org/jetbrains/kotlin/gradle/targets/js/npm/DefaultPeerNpmDependencyExtensionBeanInfo> (0x0000000088485010) 
thrown [s\src\hotspot\share\classfile\systemDictionary.cpp, line 312]
Event: 39.842 Thread 0x0000018ad444e970 Exception <a 'java/lang/ClassNotFoundException'{0x0000000088493fe0}: org/jetbrains/kotlin/gradle/targets/js/npm/DefaultPeerNpmDependencyExtensionCustomizer> (0x0000000088493fe0) 
thrown [s\src\hotspot\share\classfile\systemDictionary.cpp, line 312]
Event: 39.850 Thread 0x0000018ad444e970 Exception <a 'java/lang/ClassNotFoundException'{0x00000000884e75b8}: org/jetbrains/kotlin/gradle/targets/js/npm/DefaultPeerNpmDependencyExtension$delegate$1BeanInfo> (0x00000000884e75b8) 
thrown [s\src\hotspot\share\classfile\systemDictionary.cpp, line 312]
Event: 39.852 Thread 0x0000018ad444e970 Exception <a 'java/lang/ClassNotFoundException'{0x00000000884f6d18}: org/jetbrains/kotlin/gradle/targets/js/npm/DefaultPeerNpmDependencyExtension$delegate$1Customizer> (0x00000000884f6d18) 
thrown [s\src\hotspot\share\classfile\systemDictionary.cpp, line 312]
Event: 39.872 Thread 0x0000018ad444e970 Exception <a 'java/lang/NoSuchMethodError'{0x00000000883a4da8}: static Lorg/jetbrains/kotlin/gradle/plugin/internal/DefaultIdeaSyncDetector$createIdeaPropertiesEvaluator$1;.<clinit>()V> (0x00000000883a4da8) 
thrown [s\src\hotspot\share\prims\jni.cpp, line 1139]
Event: 41.243 Thread 0x0000018ad444e970 Exception <a 'java/lang/NoSuchMethodError'{0x00000000873a6a50}: 'java.lang.Object java.lang.invoke.DirectMethodHandle$Holder.newInvokeSpecial(java.lang.Object, java.lang.Object, java.lang.Object, java.lang.Object, java.lang.Object, java.lang.Object, java.lang.Object, java.lang.Object, java.lang.Object, java.lang.Object, java.lang.Object, java.lang.Object, java.lang.Object, java.lang.Object)'> (0x00000000873a6a50) 
thrown [s\src\hotspot\share\interpreter\linkResolver.cpp, line 784]
Event: 43.295 Thread 0x0000018ad444e970 Exception <a 'java/lang/NoSuchMethodError'{0x00000000871c0d40}: 'java.lang.Object java.lang.invoke.Invokers$Holder.invokeExact_MT(java.lang.Object, java.lang.Object, java.lang.Object, int, java.lang.Object, java.lang.Object)'> (0x00000000871c0d40) 
thrown [s\src\hotspot\share\interpreter\linkResolver.cpp, line 784]
Event: 43.807 Thread 0x0000018ad444e970 Exception <a 'java/lang/ClassNotFoundException'{0x0000000089a0b788}: com/android/build/gradle/internal/api/ApkVariantOutputImpl_DecoratedBeanInfo> (0x0000000089a0b788) 
thrown [s\src\hotspot\share\classfile\systemDictionary.cpp, line 312]
Event: 43.808 Thread 0x0000018ad444e970 Exception <a 'java/lang/ClassNotFoundException'{0x0000000089a1a308}: com/android/build/gradle/internal/api/ApkVariantOutputImplBeanInfo> (0x0000000089a1a308) 
thrown [s\src\hotspot\share\classfile\systemDictionary.cpp, line 312]
Event: 43.810 Thread 0x0000018ad444e970 Exception <a 'java/lang/ClassNotFoundException'{0x0000000089a2a188}: com/android/build/gradle/internal/api/BaseVariantOutputImplBeanInfo> (0x0000000089a2a188) 
thrown [s\src\hotspot\share\classfile\systemDictionary.cpp, line 312]
Event: 43.811 Thread 0x0000018ad444e970 Exception <a 'java/lang/ClassNotFoundException'{0x0000000089a39270}: com/android/build/gradle/internal/api/BaseVariantOutputImplCustomizer> (0x0000000089a39270) 
thrown [s\src\hotspot\share\classfile\systemDictionary.cpp, line 312]
Event: 43.815 Thread 0x0000018ad444e970 Exception <a 'java/lang/ClassNotFoundException'{0x0000000089a5ae08}: com/android/build/gradle/internal/api/ApkVariantOutputImplCustomizer> (0x0000000089a5ae08) 
thrown [s\src\hotspot\share\classfile\systemDictionary.cpp, line 312]
Event: 43.817 Thread 0x0000018ad444e970 Exception <a 'java/lang/ClassNotFoundException'{0x0000000089a77ee8}: com/android/build/gradle/internal/api/ApkVariantOutputImpl_DecoratedCustomizer> (0x0000000089a77ee8) 
thrown [s\src\hotspot\share\classfile\systemDictionary.cpp, line 312]
Event: 44.080 Thread 0x0000018ad444e970 Exception <a 'java/lang/ClassNotFoundException'{0x000000008926a910}: com/android/build/gradle/internal/api/ReadOnlyBuildTypeBeanInfo> (0x000000008926a910) 
thrown [s\src\hotspot\share\classfile\systemDictionary.cpp, line 312]
Event: 44.081 Thread 0x0000018ad444e970 Exception <a 'java/lang/ClassNotFoundException'{0x000000008927a9b0}: com/android/build/gradle/internal/api/ReadOnlyBaseConfigBeanInfo> (0x000000008927a9b0) 
thrown [s\src\hotspot\share\classfile\systemDictionary.cpp, line 312]
Event: 44.083 Thread 0x0000018ad444e970 Exception <a 'java/lang/ClassNotFoundException'{0x000000008928ad08}: com/android/build/gradle/internal/api/ReadOnlyBaseConfigCustomizer> (0x000000008928ad08) 
thrown [s\src\hotspot\share\classfile\systemDictionary.cpp, line 312]
Event: 44.085 Thread 0x0000018ad444e970 Exception <a 'java/lang/ClassNotFoundException'{0x00000000892abd08}: com/android/build/gradle/internal/api/ReadOnlyBuildTypeCustomizer> (0x00000000892abd08) 
thrown [s\src\hotspot\share\classfile\systemDictionary.cpp, line 312]

ZGC Phase Switch (0 events):
No events

VM Operations (20 events):
Event: 38.470 Executing VM operation: G1PauseRemark
Event: 38.480 Executing VM operation: G1PauseRemark done
Event: 38.529 Executing VM operation: G1PauseCleanup
Event: 38.529 Executing VM operation: G1PauseCleanup done
Event: 38.732 Executing VM operation: HandshakeAllThreads (Deoptimize)
Event: 38.732 Executing VM operation: HandshakeAllThreads (Deoptimize) done
Event: 39.601 Executing VM operation: G1CollectForAllocation (G1 Evacuation Pause)
Event: 39.609 Executing VM operation: G1CollectForAllocation (G1 Evacuation Pause) done
Event: 40.614 Executing VM operation: Cleanup
Event: 40.615 Executing VM operation: Cleanup done
Event: 40.617 Executing VM operation: G1CollectForAllocation (G1 Evacuation Pause)
Event: 40.631 Executing VM operation: G1CollectForAllocation (G1 Evacuation Pause) done
Event: 41.128 Executing VM operation: HandshakeAllThreads (Deoptimize)
Event: 41.128 Executing VM operation: HandshakeAllThreads (Deoptimize) done
Event: 41.592 Executing VM operation: G1TryInitiateConcMark (G1 Humongous Allocation)
Event: 41.604 Executing VM operation: G1TryInitiateConcMark (G1 Humongous Allocation) done
Event: 42.614 Executing VM operation: Cleanup
Event: 42.614 Executing VM operation: Cleanup done
Event: 43.401 Executing VM operation: G1CollectForAllocation (G1 Evacuation Pause)
Event: 43.410 Executing VM operation: G1CollectForAllocation (G1 Evacuation Pause) done

Memory protections (0 events):
No events

Nmethod flushes (20 events):
Event: 38.479 Thread 0x0000018acfc0e9f0 flushing  nmethod 0x0000018ac319be10
Event: 38.479 Thread 0x0000018acfc0e9f0 flushing  nmethod 0x0000018ac324c610
Event: 38.479 Thread 0x0000018acfc0e9f0 flushing  nmethod 0x0000018ac32a2290
Event: 38.479 Thread 0x0000018acfc0e9f0 flushing  nmethod 0x0000018ac32e2710
Event: 38.479 Thread 0x0000018acfc0e9f0 flushing  nmethod 0x0000018ac3401e10
Event: 38.479 Thread 0x0000018acfc0e9f0 flushing  nmethod 0x0000018abb677e10
Event: 38.479 Thread 0x0000018acfc0e9f0 flushing  nmethod 0x0000018abb678290
Event: 38.479 Thread 0x0000018acfc0e9f0 flushing  nmethod 0x0000018abb6b3310
Event: 38.479 Thread 0x0000018acfc0e9f0 flushing  nmethod 0x0000018abb6b4390
Event: 38.479 Thread 0x0000018acfc0e9f0 flushing  nmethod 0x0000018abb6f8a90
Event: 38.479 Thread 0x0000018acfc0e9f0 flushing  nmethod 0x0000018abb730d10
Event: 38.479 Thread 0x0000018acfc0e9f0 flushing  nmethod 0x0000018abb79f010
Event: 38.479 Thread 0x0000018acfc0e9f0 flushing  nmethod 0x0000018abb7eca10
Event: 38.479 Thread 0x0000018acfc0e9f0 flushing  nmethod 0x0000018abb814190
Event: 38.479 Thread 0x0000018acfc0e9f0 flushing  nmethod 0x0000018abb848510
Event: 38.479 Thread 0x0000018acfc0e9f0 flushing  nmethod 0x0000018abba65710
Event: 38.479 Thread 0x0000018acfc0e9f0 flushing  nmethod 0x0000018abbb6a990
Event: 38.479 Thread 0x0000018acfc0e9f0 flushing  nmethod 0x0000018abbc23910
Event: 38.479 Thread 0x0000018acfc0e9f0 flushing  nmethod 0x0000018abbc86610
Event: 38.479 Thread 0x0000018acfc0e9f0 flushing  nmethod 0x0000018abc285090

Events (20 events):
Event: 29.082 Thread 0x0000018ad444e970 Thread added: 0x0000018ad682b400
Event: 29.085 Thread 0x0000018ad444e970 Thread added: 0x0000018ad68299c0
Event: 29.087 Thread 0x0000018ad444e970 Thread added: 0x0000018ad682ad70
Event: 29.090 Thread 0x0000018ad444e970 Thread added: 0x0000018ad682c7b0
Event: 29.093 Thread 0x0000018ad444e970 Thread added: 0x0000018ad682ba90
Event: 29.095 Thread 0x0000018ad444e970 Thread added: 0x0000018ad682c120
Event: 29.098 Thread 0x0000018ad444e970 Thread added: 0x0000018ad682d4d0
Event: 29.680 Thread 0x0000018ad444e970 Thread added: 0x0000018ad6827260
Event: 29.682 Thread 0x0000018ad444e970 Thread added: 0x0000018ad682e880
Event: 29.682 Thread 0x0000018ad444e970 Thread added: 0x0000018ad6827f80
Event: 29.683 Thread 0x0000018ad444e970 Thread added: 0x0000018ad6828610
Event: 29.684 Thread 0x0000018ad444e970 Thread added: 0x0000018ad97186a0
Event: 29.685 Thread 0x0000018ad444e970 Thread added: 0x0000018ad971a770
Event: 29.687 Thread 0x0000018ad444e970 Thread added: 0x0000018ad97193c0
Event: 31.954 Thread 0x0000018ad866b030 Thread exited: 0x0000018ad866b030
Event: 33.963 Thread 0x0000018ad444e970 Thread added: 0x0000018ad697e9e0
Event: 33.983 Thread 0x0000018ad41001d0 Thread added: 0x0000018ad866b030
Event: 35.048 Thread 0x0000018ad444e970 Thread added: 0x0000018ad697cfa0
Event: 38.469 Thread 0x0000018ad444e970 Thread added: 0x0000018ad697b560
Event: 38.590 Thread 0x0000018ad866b030 Thread exited: 0x0000018ad866b030


Dynamic libraries:
0x00007ff6171a0000 - 0x00007ff6171aa000 	C:\Program Files\Android\Android Studio\jbr\bin\java.exe
0x00007fffa9d30000 - 0x00007fffa9f47000 	C:\WINDOWS\SYSTEM32\ntdll.dll
0x00007fffa79c0000 - 0x00007fffa7a84000 	C:\WINDOWS\System32\KERNEL32.DLL
0x00007fffa7140000 - 0x00007fffa7510000 	C:\WINDOWS\System32\KERNELBASE.dll
0x00007fffa7770000 - 0x00007fffa7881000 	C:\WINDOWS\System32\ucrtbase.dll
0x00007fff8fcc0000 - 0x00007fff8fcd8000 	C:\Program Files\Android\Android Studio\jbr\bin\jli.dll
0x00007fffa9030000 - 0x00007fffa91e1000 	C:\WINDOWS\System32\USER32.dll
0x00007fffa7740000 - 0x00007fffa7766000 	C:\WINDOWS\System32\win32u.dll
0x00007fffa80e0000 - 0x00007fffa8109000 	C:\WINDOWS\System32\GDI32.dll
0x00007fffa7890000 - 0x00007fffa79b3000 	C:\WINDOWS\System32\gdi32full.dll
0x00007fffa6e30000 - 0x00007fffa6eca000 	C:\WINDOWS\System32\msvcp_win.dll
0x00007fff86a50000 - 0x00007fff86a6b000 	C:\Program Files\Android\Android Studio\jbr\bin\VCRUNTIME140.dll
0x00007fff8f230000 - 0x00007fff8f4cc000 	C:\WINDOWS\WinSxS\amd64_microsoft.windows.common-controls_6595b64144ccf1df_6.0.22621.5840_none_2710ea077384a4fe\COMCTL32.dll
0x00007fffa8f80000 - 0x00007fffa9027000 	C:\WINDOWS\System32\msvcrt.dll
0x00007fffa7c30000 - 0x00007fffa7c61000 	C:\WINDOWS\System32\IMM32.DLL
0x00007fff87c30000 - 0x00007fff87c3c000 	C:\Program Files\Android\Android Studio\jbr\bin\vcruntime140_1.dll
0x00007fff586b0000 - 0x00007fff5873d000 	C:\Program Files\Android\Android Studio\jbr\bin\msvcp140.dll
0x00007fff52b50000 - 0x00007fff537db000 	C:\Program Files\Android\Android Studio\jbr\bin\server\jvm.dll
0x00007fffa7e40000 - 0x00007fffa7ef1000 	C:\WINDOWS\System32\ADVAPI32.dll
0x00007fffa7c70000 - 0x00007fffa7d18000 	C:\WINDOWS\System32\sechost.dll
0x00007fffa7110000 - 0x00007fffa7138000 	C:\WINDOWS\System32\bcrypt.dll
0x00007fffa7d20000 - 0x00007fffa7e38000 	C:\WINDOWS\System32\RPCRT4.dll
0x00007fffa9210000 - 0x00007fffa9281000 	C:\WINDOWS\System32\WS2_32.dll
0x00007fffa6d10000 - 0x00007fffa6d5d000 	C:\WINDOWS\SYSTEM32\POWRPROF.dll
0x00007fffa0970000 - 0x00007fffa09a4000 	C:\WINDOWS\SYSTEM32\WINMM.dll
0x00007fffa2d80000 - 0x00007fffa2d8a000 	C:\WINDOWS\SYSTEM32\VERSION.dll
0x00007fffa6ce0000 - 0x00007fffa6cf3000 	C:\WINDOWS\SYSTEM32\UMPDC.dll
0x00007fffa5e00000 - 0x00007fffa5e18000 	C:\WINDOWS\SYSTEM32\kernel.appcore.dll
0x00007fff86a40000 - 0x00007fff86a4a000 	C:\Program Files\Android\Android Studio\jbr\bin\jimage.dll
0x00007fffa4700000 - 0x00007fffa4933000 	C:\WINDOWS\SYSTEM32\DBGHELP.DLL
0x00007fffa8220000 - 0x00007fffa85b1000 	C:\WINDOWS\System32\combase.dll
0x00007fffa9c10000 - 0x00007fffa9ce8000 	C:\WINDOWS\System32\OLEAUT32.dll
0x00007fff9e4e0000 - 0x00007fff9e512000 	C:\WINDOWS\SYSTEM32\dbgcore.DLL
0x00007fffa7090000 - 0x00007fffa710b000 	C:\WINDOWS\System32\bcryptPrimitives.dll
0x00007fffa1480000 - 0x00007fffa148e000 	C:\Program Files\Android\Android Studio\jbr\bin\instrument.dll
0x00007fff869e0000 - 0x00007fff86a00000 	C:\Program Files\Android\Android Studio\jbr\bin\java.dll
0x00007fff864a0000 - 0x00007fff864b8000 	C:\Program Files\Android\Android Studio\jbr\bin\zip.dll
0x00007fffa85d0000 - 0x00007fffa8e71000 	C:\WINDOWS\System32\SHELL32.dll
0x00007fffa6ed0000 - 0x00007fffa700f000 	C:\WINDOWS\System32\wintypes.dll
0x00007fffa4d00000 - 0x00007fffa561a000 	C:\WINDOWS\SYSTEM32\windows.storage.dll
0x00007fffa8110000 - 0x00007fffa821a000 	C:\WINDOWS\System32\SHCORE.dll
0x00007fffa8f10000 - 0x00007fffa8f79000 	C:\WINDOWS\System32\shlwapi.dll
0x00007fffa6d60000 - 0x00007fffa6d85000 	C:\WINDOWS\SYSTEM32\profapi.dll
0x00007fff869d0000 - 0x00007fff869e0000 	C:\Program Files\Android\Android Studio\jbr\bin\net.dll
0x00007fffa0da0000 - 0x00007fffa0ecc000 	C:\WINDOWS\SYSTEM32\WINHTTP.dll
0x00007fffa62e0000 - 0x00007fffa6349000 	C:\WINDOWS\system32\mswsock.dll
0x00007fff863c0000 - 0x00007fff863d6000 	C:\Program Files\Android\Android Studio\jbr\bin\nio.dll
0x00007fff85f60000 - 0x00007fff85f70000 	C:\Program Files\Android\Android Studio\jbr\bin\verify.dll
0x00007fff7aaa0000 - 0x00007fff7aac7000 	C:\Users\HP\.gradle\native\1def1411415f61bf3af743bc5b6707747c0891f09f0c88961ee8f79bc544acac\windows-amd64\native-platform.dll
0x00007fff52ad0000 - 0x00007fff52b48000 	C:\Users\HP\.gradle\native\0.2.7\x86_64-windows-gnu\gradle-fileevents.dll
0x00007fff861f0000 - 0x00007fff861f9000 	C:\Program Files\Android\Android Studio\jbr\bin\management.dll
0x00007fff861e0000 - 0x00007fff861eb000 	C:\Program Files\Android\Android Studio\jbr\bin\management_ext.dll
0x00007fffa7f50000 - 0x00007fffa7f58000 	C:\WINDOWS\System32\PSAPI.DLL
0x00007fffa5880000 - 0x00007fffa58ad000 	C:\WINDOWS\SYSTEM32\IPHLPAPI.DLL
0x00007fffa8f00000 - 0x00007fffa8f09000 	C:\WINDOWS\System32\NSI.dll
0x00007fff863b0000 - 0x00007fff863b9000 	C:\Program Files\Android\Android Studio\jbr\bin\extnet.dll
0x00007fffa6540000 - 0x00007fffa655b000 	C:\WINDOWS\SYSTEM32\CRYPTSP.dll
0x00007fffa5d60000 - 0x00007fffa5d97000 	C:\WINDOWS\system32\rsaenh.dll
0x00007fffa63d0000 - 0x00007fffa63f8000 	C:\WINDOWS\SYSTEM32\USERENV.dll
0x00007fffa6530000 - 0x00007fffa653c000 	C:\WINDOWS\SYSTEM32\CRYPTBASE.dll
0x00007fff27af0000 - 0x00007fff27af8000 	C:\WINDOWS\system32\wshunix.dll

dbghelp: loaded successfully - version: 4.0.5 - missing functions: none
symbol engine: initialized successfully - sym options: 0x614 - pdb path: .;C:\Program Files\Android\Android Studio\jbr\bin;C:\WINDOWS\SYSTEM32;C:\WINDOWS\WinSxS\amd64_microsoft.windows.common-controls_6595b64144ccf1df_6.0.22621.5840_none_2710ea077384a4fe;C:\Program Files\Android\Android Studio\jbr\bin\server;C:\Users\HP\.gradle\native\1def1411415f61bf3af743bc5b6707747c0891f09f0c88961ee8f79bc544acac\windows-amd64;C:\Users\HP\.gradle\native\0.2.7\x86_64-windows-gnu

VM Arguments:
jvm_args: --add-opens=java.base/java.lang=ALL-UNNAMED --add-opens=java.base/java.lang.invoke=ALL-UNNAMED --add-opens=java.base/java.util=ALL-UNNAMED --add-opens=java.prefs/java.util.prefs=ALL-UNNAMED --add-exports=jdk.compiler/com.sun.tools.javac.api=ALL-UNNAMED --add-exports=jdk.compiler/com.sun.tools.javac.util=ALL-UNNAMED --add-opens=java.base/java.util=ALL-UNNAMED --add-opens=java.prefs/java.util.prefs=ALL-UNNAMED --add-opens=java.base/java.nio.charset=ALL-UNNAMED --add-opens=java.base/java.net=ALL-UNNAMED --add-opens=java.base/java.util.concurrent.atomic=ALL-UNNAMED --add-opens=java.xml/javax.xml.namespace=ALL-UNNAMED -Xmx2048m -Dfile.encoding=UTF-8 -Duser.country=FR -Duser.language=fr -Duser.variant -javaagent:C:\Users\HP\.gradle\wrapper\dists\gradle-8.13-bin\5xuhj0ry160q40clulazy9h7d\gradle-8.13\lib\agents\gradle-instrumentation-agent-8.13.jar 
java_command: org.gradle.launcher.daemon.bootstrap.GradleDaemon 8.13
java_class_path (initial): C:\Users\HP\.gradle\wrapper\dists\gradle-8.13-bin\5xuhj0ry160q40clulazy9h7d\gradle-8.13\lib\gradle-daemon-main-8.13.jar
Launcher Type: SUN_STANDARD

[Global flags]
     intx CICompilerCount                          = 4                                         {product} {ergonomic}
     uint ConcGCThreads                            = 2                                         {product} {ergonomic}
     uint G1ConcRefinementThreads                  = 8                                         {product} {ergonomic}
   size_t G1HeapRegionSize                         = 1048576                                   {product} {ergonomic}
    uintx GCDrainStackTargetSize                   = 64                                        {product} {ergonomic}
   size_t InitialHeapSize                          = 130023424                                 {product} {ergonomic}
   size_t MarkStackSize                            = 4194304                                   {product} {ergonomic}
   size_t MaxHeapSize                              = 2147483648                                {product} {command line}
   size_t MaxNewSize                               = 1287651328                                {product} {ergonomic}
   size_t MinHeapDeltaBytes                        = 1048576                                   {product} {ergonomic}
   size_t MinHeapSize                              = 8388608                                   {product} {ergonomic}
    uintx NonNMethodCodeHeapSize                   = 5839372                                {pd product} {ergonomic}
    uintx NonProfiledCodeHeapSize                  = 122909434                              {pd product} {ergonomic}
    uintx ProfiledCodeHeapSize                     = 122909434                              {pd product} {ergonomic}
    uintx ReservedCodeCacheSize                    = 251658240                              {pd product} {ergonomic}
     bool SegmentedCodeCache                       = true                                      {product} {ergonomic}
   size_t SoftMaxHeapSize                          = 2147483648                             {manageable} {ergonomic}
     bool UseCompressedOops                        = true                           {product lp64_product} {ergonomic}
     bool UseG1GC                                  = true                                      {product} {ergonomic}
     bool UseLargePagesIndividualAllocation        = false                                  {pd product} {ergonomic}

Logging:
Log output configuration:
 #0: stdout all=warning uptime,level,tags foldmultilines=false
 #1: stderr all=off uptime,level,tags foldmultilines=false

Environment Variables:
PATH=C:\Program Files\Common Files\Oracle\Java\javapath;C:\Python312\Scripts\;C:\Python312\;C:\WINDOWS\system32;C:\WINDOWS;C:\WINDOWS\System32\Wbem;C:\WINDOWS\System32\WindowsPowerShell\v1.0\;C:\WINDOWS\System32\OpenSSH\;C:\Program Files\nodejs\;C:\ProgramData\chocolatey\bin;C:\Program Files\Git\cmd;C:\Program Files\Git\bin;C:\Program Files\php-7.2.5;C:\ProgramData\ComposerSetup\bin;C:\Users\HP\AppData\Local\Microsoft\WindowsApps;C:\Users\HP\AppData\Roaming\npm;C:\Users\HP\AppData\Local\Programs\Microsoft VS Code\bin;C:\Program Files\JetBrains\IntelliJ IDEA 2024.2.0.1\bin;;C:\Program Files\php-7.2.5;C:\Users\HP\AppData\Roaming\Composer\vendor\bin;
USERNAME=HP
OS=Windows_NT
PROCESSOR_IDENTIFIER=Intel64 Family 6 Model 142 Stepping 12, GenuineIntel
TMP=C:\Users\HP\AppData\Local\Temp
TEMP=C:\Users\HP\AppData\Local\Temp




Periodic native trim disabled

JNI global refs:
JNI global refs: 28, weak refs: 4

JNI global refs memory usage: 835, weak refs: 833

Process memory usage:
Resident Set Size: 453124K (5% of 8100768K total physical memory with 243436K free physical memory)

OOME stack traces (most recent first):
Classloader memory used:
Loader org.gradle.internal.classloader.VisitableURLClassLoader                         : 40339K
Loader bootstrap                                                                       : 27632K
Loader org.gradle.internal.classloader.VisitableURLClassLoader$InstrumentingVisitableURLClassLoader: 23351K
Loader org.gradle.initialization.MixInLegacyTypesClassLoader                           : 12090K
Loader jdk.internal.loader.ClassLoaders$PlatformClassLoader                            : 546K
Loader jdk.internal.reflect.DelegatingClassLoader                                      : 265K
Loader jdk.internal.loader.ClassLoaders$AppClassLoader                                 : 235K
Loader org.gradle.internal.classloader.VisitableURLClassLoader                         : 219K
Loader org.gradle.groovy.scripts.internal.DefaultScriptCompilationHandler$ScriptClassLoader: 121K
Loader org.codehaus.groovy.runtime.callsite.CallSiteClassLoader                        : 17136B


[error occurred during error reporting (Classloader stats), id 0xe0000001, Out of Memory Error (s\src\hotspot\share\memory\arena.cpp:168)]
---------------  S Y S T E M  ---------------

OS:
 Windows 11 , 64 bit Build 22621 (10.0.22621.5415)
OS uptime: 8 days 18:35 hours

CPU: total 8 (initial active 8) (4 cores per cpu, 2 threads per core) family 6 model 142 stepping 12 microcode 0xfa, cx8, cmov, fxsr, ht, mmx, 3dnowpref, sse, sse2, sse3, ssse3, sse4.1, sse4.2, popcnt, lzcnt, tsc, tscinvbit, avx, avx2, aes, erms, clmul, bmi1, bmi2, adx, fma, vzeroupper, clflush, clflushopt, rdtscp, f16c
Processor Information for processor 0
  Max Mhz: 1800, Current Mhz: 1600, Mhz Limit: 1584
Processor Information for processor 1
  Max Mhz: 1800, Current Mhz: 1500, Mhz Limit: 1584
Processor Information for processor 2
  Max Mhz: 1800, Current Mhz: 1600, Mhz Limit: 1584
Processor Information for processor 3
  Max Mhz: 1800, Current Mhz: 1500, Mhz Limit: 1584
Processor Information for processor 4
  Max Mhz: 1800, Current Mhz: 1600, Mhz Limit: 1584
Processor Information for processor 5
  Max Mhz: 1800, Current Mhz: 1600, Mhz Limit: 1584
Processor Information for processor 6
  Max Mhz: 1800, Current Mhz: 1600, Mhz Limit: 1584
Processor Information for processor 7
  Max Mhz: 1800, Current Mhz: 1500, Mhz Limit: 1584

Memory: 4k page, system-wide physical 7910M (241M free)
TotalPageFile size 32486M (AvailPageFile size 5M)
current process WorkingSet (physical memory assigned to process): 443M, peak: 443M
current process commit charge ("private bytes"): 481M, peak: 483M

vm_info: OpenJDK 64-Bit Server VM (21.0.6+-13391695-b895.109) for windows-amd64 JRE (21.0.6+-13391695-b895.109), built on 2025-04-22T21:19:17Z by "builder" with MS VC++ 16.10 / 16.11 (VS2019)

END.
